2026-10-06 10:00 capped session start; no deadline (`drain` to end gracefully, `stop` to end now)
[cn2xc 10:01:08] elapsed     61s  shards done      2021  nodes 1.738e+09 (2.87e+07/s)  candidates 2.032e+09  hits 0  root 1/1752
[cn2xc 10:02:09] elapsed    121s  shards done      3996  nodes 4.159e+09 (4.00e+07/s)  candidates 4.626e+09  hits 0  root 1/1752
[cn2xc 10:03:09] elapsed    182s  shards done      5058  nodes 6.112e+09 (3.22e+07/s)  candidates 6.624e+09  hits 0  root 1/1752
[cn2xc 10:04:10] elapsed    242s  shards done      6386  nodes 8.279e+09 (3.58e+07/s)  candidates 8.846e+09  hits 0  root 1/1752
[cn2xc 10:05:10] elapsed    303s  shards done      7932  nodes 1.041e+10 (3.52e+07/s)  candidates 1.089e+10  hits 0  root 1/1752
[cn2xc 10:06:11] elapsed    363s  shards done      8526  nodes 1.286e+10 (4.04e+07/s)  candidates 1.296e+10  hits 0  root 1/1752
[cn2xc 10:07:11] elapsed    424s  shards done     18809  nodes 1.463e+10 (2.92e+07/s)  candidates 1.478e+10  hits 0  root 2/1752
[cn2xc 10:08:12] elapsed    485s  shards done     18879  nodes 1.654e+10 (3.16e+07/s)  candidates 1.662e+10  hits 0  root 2/1752
[cn2xc 10:09:13] elapsed    545s  shards done     20092  nodes 1.939e+10 (4.69e+07/s)  candidates 1.931e+10  hits 0  root 2/1752
[cn2xc 10:10:13] elapsed    606s  shards done     20135  nodes 2.035e+10 (1.59e+07/s)  candidates 2.014e+10  hits 0  root 2/1752
[cn2xc 10:11:14] elapsed    666s  shards done     20197  nodes 2.264e+10 (3.78e+07/s)  candidates 2.237e+10  hits 0  root 2/1752
[cn2xc 10:12:15] elapsed    727s  shards done     20804  nodes 2.667e+10 (6.64e+07/s)  candidates 2.609e+10  hits 0  root 2/1752
[cn2xc 10:13:15] elapsed    788s  shards done     21059  nodes 2.777e+10 (1.83e+07/s)  candidates 2.702e+10  hits 0  root 2/1752
[cn2xc 10:14:16] elapsed    848s  shards done     21114  nodes 2.984e+10 (3.42e+07/s)  candidates 2.901e+10  hits 0  root 2/1752
[cn2xc 10:15:16] elapsed    909s  shards done     21680  nodes 3.279e+10 (4.88e+07/s)  candidates 3.162e+10  hits 0  root 2/1752
[cn2xc 10:16:17] elapsed    969s  shards done     21910  nodes 3.454e+10 (2.88e+07/s)  candidates 3.323e+10  hits 0  root 2/1752
[cn2xc 10:17:18] elapsed   1030s  shards done     22005  nodes 3.744e+10 (4.77e+07/s)  candidates 3.597e+10  hits 0  root 2/1752
[cn2xc 10:18:19] elapsed   1091s  shards done     22633  nodes 3.985e+10 (3.96e+07/s)  candidates 3.803e+10  hits 0  root 2/1752
[cn2xc 10:19:19] elapsed   1152s  shards done     22741  nodes 4.283e+10 (4.90e+07/s)  candidates 4.081e+10  hits 0  root 2/1752
[cn2xc 10:20:20] elapsed   1213s  shards done     23211  nodes 4.502e+10 (3.61e+07/s)  candidates 4.262e+10  hits 0  root 2/1752
[cn2xc 10:21:21] elapsed   1274s  shards done     23675  nodes 4.753e+10 (4.12e+07/s)  candidates 4.494e+10  hits 0  root 2/1752
[cn2xc 10:22:22] elapsed   1335s  shards done     24038  nodes 4.986e+10 (3.82e+07/s)  candidates 4.697e+10  hits 0  root 2/1752
[cn2xc 10:23:23] elapsed   1395s  shards done     24369  nodes 5.226e+10 (3.97e+07/s)  candidates 4.907e+10  hits 0  root 2/1752
[cn2xc 10:24:23] elapsed   1456s  shards done     24710  nodes 5.452e+10 (3.73e+07/s)  candidates 5.102e+10  hits 0  root 2/1752
[cn2xc 10:25:24] elapsed   1516s  shards done     25135  nodes 5.701e+10 (4.10e+07/s)  candidates 5.309e+10  hits 0  root 2/1752
[cn2xc 10:26:25] elapsed   1577s  shards done     25470  nodes 5.944e+10 (4.00e+07/s)  candidates 5.511e+10  hits 0  root 2/1752
[cn2xc 10:27:25] elapsed   1638s  shards done     25669  nodes 6.115e+10 (2.82e+07/s)  candidates 5.648e+10  hits 0  root 2/1752
[cn2xc 10:28:26] elapsed   1698s  shards done     25758  nodes 6.349e+10 (3.86e+07/s)  candidates 5.840e+10  hits 0  root 2/1752
[cn2xc 10:29:27] elapsed   1759s  shards done     25816  nodes 6.561e+10 (3.50e+07/s)  candidates 6.006e+10  hits 0  root 2/1752
[cn2xc 10:30:27] elapsed   1820s  shards done     25966  nodes 6.880e+10 (5.26e+07/s)  candidates 6.259e+10  hits 0  root 2/1752
[cn2xc 10:31:28] elapsed   1880s  shards done     26393  nodes 7.152e+10 (4.49e+07/s)  candidates 6.437e+10  hits 0  root 2/1752
[cn2xc 10:32:29] elapsed   1941s  shards done     38171  nodes 7.321e+10 (2.79e+07/s)  candidates 6.582e+10  hits 0  root 3/1752
[cn2xc 10:33:29] elapsed   2002s  shards done     38219  nodes 7.471e+10 (2.47e+07/s)  candidates 6.728e+10  hits 0  root 3/1752
[cn2xc 10:34:30] elapsed   2062s  shards done     38241  nodes 7.616e+10 (2.39e+07/s)  candidates 6.861e+10  hits 0  root 3/1752
[cn2xc 10:35:30] elapsed   2123s  shards done     38256  nodes 7.721e+10 (1.73e+07/s)  candidates 6.958e+10  hits 0  root 3/1752
[cn2xc 10:36:31] elapsed   2183s  shards done     38266  nodes 7.802e+10 (1.33e+07/s)  candidates 7.027e+10  hits 0  root 3/1752
[cn2xc 10:37:32] elapsed   2244s  shards done     38287  nodes 8.096e+10 (4.85e+07/s)  candidates 7.301e+10  hits 0  root 3/1752
[cn2xc 10:38:32] elapsed   2305s  shards done     38323  nodes 8.398e+10 (4.98e+07/s)  candidates 7.571e+10  hits 0  root 3/1752
[cn2xc 10:39:33] elapsed   2365s  shards done     38388  nodes 8.665e+10 (4.40e+07/s)  candidates 7.806e+10  hits 0  root 3/1752
[cn2xc 10:40:34] elapsed   2426s  shards done     38586  nodes 9.047e+10 (6.29e+07/s)  candidates 8.133e+10  hits 0  root 3/1752
[cn2xc 10:41:34] elapsed   2487s  shards done     39149  nodes 9.375e+10 (5.42e+07/s)  candidates 8.406e+10  hits 0  root 3/1752
[cn2xc 10:42:35] elapsed   2547s  shards done     39167  nodes 9.449e+10 (1.22e+07/s)  candidates 8.451e+10  hits 0  root 3/1752
[cn2xc 10:43:36] elapsed   2608s  shards done     39173  nodes 9.501e+10 (8.62e+06/s)  candidates 8.501e+10  hits 0  root 3/1752
[cn2xc 10:44:36] elapsed   2669s  shards done     39181  nodes 9.605e+10 (1.73e+07/s)  candidates 8.594e+10  hits 0  root 3/1752
[cn2xc 10:45:37] elapsed   2729s  shards done     39202  nodes 9.874e+10 (4.43e+07/s)  candidates 8.836e+10  hits 0  root 3/1752
[cn2xc 10:46:37] elapsed   2790s  shards done     39227  nodes 1.012e+11 (4.03e+07/s)  candidates 9.056e+10  hits 0  root 3/1752
[cn2xc 10:47:38] elapsed   2850s  shards done     39272  nodes 1.044e+11 (5.35e+07/s)  candidates 9.342e+10  hits 0  root 3/1752
[cn2xc 10:48:39] elapsed   2911s  shards done     39368  nodes 1.080e+11 (5.87e+07/s)  candidates 9.656e+10  hits 0  root 3/1752
[cn2xc 10:49:39] elapsed   2972s  shards done     39886  nodes 1.122e+11 (6.98e+07/s)  candidates 1.001e+11  hits 0  root 3/1752
[cn2xc 10:50:40] elapsed   3032s  shards done     39907  nodes 1.142e+11 (3.37e+07/s)  candidates 1.017e+11  hits 0  root 3/1752
[cn2xc 10:51:40] elapsed   3093s  shards done     39921  nodes 1.151e+11 (1.45e+07/s)  candidates 1.025e+11  hits 0  root 3/1752
[cn2xc 10:52:41] elapsed   3153s  shards done     39940  nodes 1.163e+11 (1.95e+07/s)  candidates 1.035e+11  hits 0  root 3/1752
[cn2xc 10:53:41] elapsed   3214s  shards done     39961  nodes 1.185e+11 (3.63e+07/s)  candidates 1.054e+11  hits 0  root 3/1752
[cn2xc 10:54:42] elapsed   3274s  shards done     40007  nodes 1.213e+11 (4.66e+07/s)  candidates 1.078e+11  hits 0  root 3/1752
[cn2xc 10:55:42] elapsed   3335s  shards done     40110  nodes 1.261e+11 (7.93e+07/s)  candidates 1.120e+11  hits 0  root 3/1752
[cn2xc 10:56:43] elapsed   3395s  shards done     40576  nodes 1.292e+11 (5.14e+07/s)  candidates 1.144e+11  hits 0  root 3/1752
[cn2xc 10:57:44] elapsed   3456s  shards done     40597  nodes 1.306e+11 (2.17e+07/s)  candidates 1.153e+11  hits 0  root 3/1752
[cn2xc 10:58:44] elapsed   3517s  shards done     40618  nodes 1.317e+11 (1.90e+07/s)  candidates 1.163e+11  hits 0  root 3/1752
[cn2xc 10:59:45] elapsed   3577s  shards done     40635  nodes 1.338e+11 (3.43e+07/s)  candidates 1.181e+11  hits 0  root 3/1752
[cn2xc 11:00:45] elapsed   3638s  shards done     40676  nodes 1.364e+11 (4.35e+07/s)  candidates 1.204e+11  hits 0  root 3/1752
[cn2xc 11:01:46] elapsed   3698s  shards done     40727  nodes 1.399e+11 (5.80e+07/s)  candidates 1.234e+11  hits 0  root 3/1752
[cn2xc 11:02:47] elapsed   3759s  shards done     40866  nodes 1.439e+11 (6.45e+07/s)  candidates 1.266e+11  hits 0  root 3/1752
[cn2xc 11:03:48] elapsed   3820s  shards done     41095  nodes 1.460e+11 (3.45e+07/s)  candidates 1.281e+11  hits 0  root 3/1752
[cn2xc 11:04:48] elapsed   3881s  shards done     41120  nodes 1.477e+11 (2.88e+07/s)  candidates 1.295e+11  hits 0  root 3/1752
[cn2xc 11:05:49] elapsed   3942s  shards done     41145  nodes 1.496e+11 (3.06e+07/s)  candidates 1.311e+11  hits 0  root 3/1752
[cn2xc 11:06:50] elapsed   4003s  shards done     41189  nodes 1.524e+11 (4.74e+07/s)  candidates 1.335e+11  hits 0  root 3/1752
[cn2xc 11:07:51] elapsed   4063s  shards done     41304  nodes 1.564e+11 (6.43e+07/s)  candidates 1.368e+11  hits 0  root 3/1752
[cn2xc 11:08:52] elapsed   4124s  shards done     41570  nodes 1.591e+11 (4.59e+07/s)  candidates 1.390e+11  hits 0  root 3/1752
[cn2xc 11:09:53] elapsed   4185s  shards done     41613  nodes 1.608e+11 (2.75e+07/s)  candidates 1.402e+11  hits 0  root 3/1752
[cn2xc 11:10:53] elapsed   4246s  shards done     41724  nodes 1.638e+11 (4.94e+07/s)  candidates 1.428e+11  hits 0  root 3/1752
[cn2xc 11:11:54] elapsed   4307s  shards done     41931  nodes 1.665e+11 (4.39e+07/s)  candidates 1.450e+11  hits 0  root 3/1752
[cn2xc 11:12:55] elapsed   4368s  shards done     41961  nodes 1.680e+11 (2.41e+07/s)  candidates 1.460e+11  hits 0  root 3/1752
[cn2xc 11:13:56] elapsed   4428s  shards done     42015  nodes 1.711e+11 (5.15e+07/s)  candidates 1.487e+11  hits 0  root 3/1752
[cn2xc 11:14:57] elapsed   4489s  shards done     42143  nodes 1.742e+11 (5.18e+07/s)  candidates 1.512e+11  hits 0  root 3/1752
[cn2xc 11:15:58] elapsed   4550s  shards done     42250  nodes 1.761e+11 (3.02e+07/s)  candidates 1.527e+11  hits 0  root 3/1752
[cn2xc 11:16:58] elapsed   4611s  shards done     42381  nodes 1.787e+11 (4.29e+07/s)  candidates 1.547e+11  hits 0  root 3/1752
[cn2xc 11:17:59] elapsed   4672s  shards done     42546  nodes 1.803e+11 (2.71e+07/s)  candidates 1.560e+11  hits 0  root 3/1752
[cn2xc 11:19:00] elapsed   4733s  shards done     42671  nodes 1.838e+11 (5.74e+07/s)  candidates 1.588e+11  hits 0  root 3/1752
[cn2xc 11:20:01] elapsed   4793s  shards done     42831  nodes 1.865e+11 (4.49e+07/s)  candidates 1.610e+11  hits 0  root 3/1752
[cn2xc 11:21:01] elapsed   4854s  shards done     42977  nodes 1.884e+11 (3.08e+07/s)  candidates 1.624e+11  hits 0  root 3/1752
[cn2xc 11:22:02] elapsed   4914s  shards done     43126  nodes 1.906e+11 (3.71e+07/s)  candidates 1.641e+11  hits 0  root 3/1752
[cn2xc 11:23:02] elapsed   4975s  shards done     43181  nodes 1.929e+11 (3.77e+07/s)  candidates 1.658e+11  hits 0  root 3/1752
[cn2xc 11:24:03] elapsed   5035s  shards done     43296  nodes 1.960e+11 (5.14e+07/s)  candidates 1.683e+11  hits 0  root 3/1752
[cn2xc 11:25:03] elapsed   5096s  shards done     43437  nodes 1.979e+11 (3.12e+07/s)  candidates 1.697e+11  hits 0  root 3/1752
[cn2xc 11:26:04] elapsed   5156s  shards done     43511  nodes 1.994e+11 (2.46e+07/s)  candidates 1.708e+11  hits 0  root 3/1752
[cn2xc 11:27:05] elapsed   5217s  shards done     43527  nodes 2.010e+11 (2.57e+07/s)  candidates 1.720e+11  hits 0  root 3/1752
[cn2xc 11:28:05] elapsed   5278s  shards done     43551  nodes 2.033e+11 (3.77e+07/s)  candidates 1.738e+11  hits 0  root 3/1752
[cn2xc 11:29:06] elapsed   5338s  shards done     43567  nodes 2.053e+11 (3.33e+07/s)  candidates 1.752e+11  hits 0  root 3/1752
[cn2xc 11:30:07] elapsed   5399s  shards done     43584  nodes 2.076e+11 (3.87e+07/s)  candidates 1.770e+11  hits 0  root 3/1752
[cn2xc 11:31:07] elapsed   5460s  shards done     43612  nodes 2.120e+11 (7.12e+07/s)  candidates 1.802e+11  hits 0  root 3/1752
[cn2xc 11:32:08] elapsed   5521s  shards done     43643  nodes 2.149e+11 (4.84e+07/s)  candidates 1.824e+11  hits 0  root 3/1752
[cn2xc 11:33:09] elapsed   5582s  shards done     43698  nodes 2.188e+11 (6.46e+07/s)  candidates 1.853e+11  hits 0  root 3/1752
[cn2xc 11:34:10] elapsed   5642s  shards done     43767  nodes 2.215e+11 (4.34e+07/s)  candidates 1.872e+11  hits 0  root 3/1752
[cn2xc 11:35:11] elapsed   5703s  shards done     43857  nodes 2.246e+11 (5.12e+07/s)  candidates 1.894e+11  hits 0  root 3/1752
[cn2xc 11:36:12] elapsed   5764s  shards done     44059  nodes 2.274e+11 (4.61e+07/s)  candidates 1.912e+11  hits 0  root 3/1752
[cn2xc 11:37:12] elapsed   5825s  shards done     44485  nodes 2.303e+11 (4.73e+07/s)  candidates 1.928e+11  hits 0  root 3/1752
[cn2xc 11:38:13] elapsed   5886s  shards done     54718  nodes 2.328e+11 (4.06e+07/s)  candidates 1.947e+11  hits 0  root 4/1752
[cn2xc 11:39:14] elapsed   5947s  shards done     54740  nodes 2.333e+11 (8.79e+06/s)  candidates 1.950e+11  hits 0  root 4/1752
[cn2xc 11:40:15] elapsed   6007s  shards done     54747  nodes 2.340e+11 (1.15e+07/s)  candidates 1.957e+11  hits 0  root 4/1752
[cn2xc 11:41:16] elapsed   6068s  shards done     54752  nodes 2.344e+11 (5.88e+06/s)  candidates 1.960e+11  hits 0  root 4/1752
[cn2xc 11:42:17] elapsed   6129s  shards done     54760  nodes 2.354e+11 (1.73e+07/s)  candidates 1.970e+11  hits 0  root 4/1752
[cn2xc 11:43:17] elapsed   6190s  shards done     54767  nodes 2.372e+11 (2.88e+07/s)  candidates 1.986e+11  hits 0  root 4/1752
[cn2xc 11:44:18] elapsed   6251s  shards done     54775  nodes 2.384e+11 (2.02e+07/s)  candidates 1.996e+11  hits 0  root 4/1752
[cn2xc 11:45:19] elapsed   6312s  shards done     54788  nodes 2.409e+11 (4.15e+07/s)  candidates 2.019e+11  hits 0  root 4/1752
[cn2xc 11:46:20] elapsed   6372s  shards done     54807  nodes 2.433e+11 (3.95e+07/s)  candidates 2.042e+11  hits 0  root 4/1752
[cn2xc 11:47:20] elapsed   6433s  shards done     54828  nodes 2.466e+11 (5.41e+07/s)  candidates 2.071e+11  hits 0  root 4/1752
[cn2xc 11:48:21] elapsed   6493s  shards done     54875  nodes 2.525e+11 (9.77e+07/s)  candidates 2.125e+11  hits 0  root 4/1752
[cn2xc 11:49:22] elapsed   6554s  shards done     54948  nodes 2.567e+11 (6.88e+07/s)  candidates 2.161e+11  hits 0  root 4/1752
[cn2xc 11:50:22] elapsed   6615s  shards done     55379  nodes 2.598e+11 (5.21e+07/s)  candidates 2.186e+11  hits 0  root 4/1752
[cn2xc 11:51:23] elapsed   6675s  shards done     55422  nodes 2.619e+11 (3.38e+07/s)  candidates 2.202e+11  hits 0  root 4/1752
[cn2xc 11:52:23] elapsed   6736s  shards done     55434  nodes 2.628e+11 (1.53e+07/s)  candidates 2.209e+11  hits 0  root 4/1752
[cn2xc 11:53:24] elapsed   6796s  shards done     55435  nodes 2.629e+11 (1.78e+06/s)  candidates 2.211e+11  hits 0  root 4/1752
[cn2xc 11:54:24] elapsed   6857s  shards done     55446  nodes 2.641e+11 (1.95e+07/s)  candidates 2.221e+11  hits 0  root 4/1752
[cn2xc 11:55:25] elapsed   6917s  shards done     55458  nodes 2.660e+11 (3.18e+07/s)  candidates 2.238e+11  hits 0  root 4/1752
[cn2xc 11:56:26] elapsed   6978s  shards done     55476  nodes 2.681e+11 (3.41e+07/s)  candidates 2.256e+11  hits 0  root 4/1752
[cn2xc 11:57:26] elapsed   7039s  shards done     55499  nodes 2.706e+11 (4.08e+07/s)  candidates 2.277e+11  hits 0  root 4/1752
[cn2xc 11:58:27] elapsed   7099s  shards done     55546  nodes 2.742e+11 (5.97e+07/s)  candidates 2.309e+11  hits 0  root 4/1752
[cn2xc 11:59:28] elapsed   7160s  shards done     55595  nodes 2.770e+11 (4.62e+07/s)  candidates 2.334e+11  hits 0  root 4/1752
[cn2xc 12:00:28] elapsed   7221s  shards done     55742  nodes 2.812e+11 (6.89e+07/s)  candidates 2.369e+11  hits 0  root 4/1752
[cn2xc 12:01:29] elapsed   7281s  shards done     56035  nodes 2.843e+11 (5.17e+07/s)  candidates 2.395e+11  hits 0  root 4/1752
[cn2xc 12:02:29] elapsed   7342s  shards done     56052  nodes 2.860e+11 (2.76e+07/s)  candidates 2.407e+11  hits 0  root 4/1752
[cn2xc 12:03:30] elapsed   7403s  shards done     56063  nodes 2.869e+11 (1.62e+07/s)  candidates 2.416e+11  hits 0  root 4/1752
[cn2xc 12:04:31] elapsed   7463s  shards done     56078  nodes 2.896e+11 (4.38e+07/s)  candidates 2.439e+11  hits 0  root 4/1752
[cn2xc 12:05:31] elapsed   7524s  shards done     56095  nodes 2.910e+11 (2.34e+07/s)  candidates 2.452e+11  hits 0  root 4/1752
[cn2xc 12:06:32] elapsed   7584s  shards done     56126  nodes 2.940e+11 (4.90e+07/s)  candidates 2.477e+11  hits 0  root 4/1752
[cn2xc 12:07:32] elapsed   7645s  shards done     56167  nodes 2.961e+11 (3.43e+07/s)  candidates 2.495e+11  hits 0  root 4/1752
[cn2xc 12:08:33] elapsed   7706s  shards done     56245  nodes 2.987e+11 (4.32e+07/s)  candidates 2.517e+11  hits 0  root 4/1752
[cn2xc 12:09:34] elapsed   7766s  shards done     56533  nodes 3.018e+11 (5.13e+07/s)  candidates 2.542e+11  hits 0  root 4/1752
[cn2xc 12:10:34] elapsed   7827s  shards done     56550  nodes 3.055e+11 (6.16e+07/s)  candidates 2.573e+11  hits 0  root 4/1752
[cn2xc 12:11:35] elapsed   7887s  shards done     56558  nodes 3.060e+11 (7.91e+06/s)  candidates 2.577e+11  hits 0  root 4/1752
[cn2xc 12:12:35] elapsed   7948s  shards done     56577  nodes 3.077e+11 (2.80e+07/s)  candidates 2.591e+11  hits 0  root 4/1752
[cn2xc 12:13:36] elapsed   8008s  shards done     56590  nodes 3.100e+11 (3.79e+07/s)  candidates 2.612e+11  hits 0  root 4/1752
[cn2xc 12:14:36] elapsed   8069s  shards done     56608  nodes 3.120e+11 (3.37e+07/s)  candidates 2.629e+11  hits 0  root 4/1752
[cn2xc 12:15:37] elapsed   8129s  shards done     56651  nodes 3.156e+11 (5.89e+07/s)  candidates 2.659e+11  hits 0  root 4/1752
[cn2xc 12:16:38] elapsed   8190s  shards done     56690  nodes 3.175e+11 (3.13e+07/s)  candidates 2.674e+11  hits 0  root 4/1752
[cn2xc 12:17:38] elapsed   8251s  shards done     56759  nodes 3.214e+11 (6.39e+07/s)  candidates 2.706e+11  hits 0  root 4/1752
[cn2xc 12:18:39] elapsed   8311s  shards done     56987  nodes 3.255e+11 (6.82e+07/s)  candidates 2.739e+11  hits 0  root 4/1752
[cn2xc 12:19:39] elapsed   8372s  shards done     56999  nodes 3.261e+11 (1.01e+07/s)  candidates 2.741e+11  hits 0  root 4/1752
[cn2xc 12:20:40] elapsed   8433s  shards done     57019  nodes 3.280e+11 (3.09e+07/s)  candidates 2.758e+11  hits 0  root 4/1752
[cn2xc 12:21:41] elapsed   8494s  shards done     57038  nodes 3.306e+11 (4.25e+07/s)  candidates 2.781e+11  hits 0  root 4/1752
[cn2xc 12:22:42] elapsed   8554s  shards done     57069  nodes 3.333e+11 (4.49e+07/s)  candidates 2.804e+11  hits 0  root 4/1752
[cn2xc 12:23:43] elapsed   8615s  shards done     57121  nodes 3.365e+11 (5.17e+07/s)  candidates 2.831e+11  hits 0  root 4/1752
[cn2xc 12:24:44] elapsed   8676s  shards done     57236  nodes 3.410e+11 (7.45e+07/s)  candidates 2.868e+11  hits 0  root 4/1752
[cn2xc 12:25:45] elapsed   8737s  shards done     57393  nodes 3.430e+11 (3.32e+07/s)  candidates 2.883e+11  hits 0  root 4/1752
[cn2xc 12:26:45] elapsed   8798s  shards done     57428  nodes 3.445e+11 (2.49e+07/s)  candidates 2.895e+11  hits 0  root 4/1752
[cn2xc 12:27:46] elapsed   8859s  shards done     57488  nodes 3.473e+11 (4.46e+07/s)  candidates 2.918e+11  hits 0  root 4/1752
[cn2xc 12:28:47] elapsed   8920s  shards done     57616  nodes 3.499e+11 (4.33e+07/s)  candidates 2.940e+11  hits 0  root 4/1752
[cn2xc 12:29:48] elapsed   8980s  shards done     57707  nodes 3.525e+11 (4.25e+07/s)  candidates 2.961e+11  hits 0  root 4/1752
[cn2xc 12:30:49] elapsed   9041s  shards done     57731  nodes 3.538e+11 (2.22e+07/s)  candidates 2.971e+11  hits 0  root 4/1752
[cn2xc 12:31:49] elapsed   9102s  shards done     57765  nodes 3.568e+11 (4.91e+07/s)  candidates 2.995e+11  hits 0  root 4/1752
[cn2xc 12:32:50] elapsed   9162s  shards done     57820  nodes 3.594e+11 (4.26e+07/s)  candidates 3.016e+11  hits 0  root 4/1752
[cn2xc 12:33:50] elapsed   9223s  shards done     57924  nodes 3.626e+11 (5.29e+07/s)  candidates 3.041e+11  hits 0  root 4/1752
[cn2xc 12:34:51] elapsed   9283s  shards done     57956  nodes 3.642e+11 (2.74e+07/s)  candidates 3.053e+11  hits 0  root 4/1752
[cn2xc 12:35:51] elapsed   9344s  shards done     58000  nodes 3.664e+11 (3.56e+07/s)  candidates 3.071e+11  hits 0  root 4/1752
[cn2xc 12:36:52] elapsed   9405s  shards done     58055  nodes 3.687e+11 (3.81e+07/s)  candidates 3.090e+11  hits 0  root 4/1752
[cn2xc 12:37:53] elapsed   9465s  shards done     58157  nodes 3.712e+11 (4.12e+07/s)  candidates 3.110e+11  hits 0  root 4/1752
[cn2xc 12:38:54] elapsed   9526s  shards done     58216  nodes 3.736e+11 (3.99e+07/s)  candidates 3.130e+11  hits 0  root 4/1752
[cn2xc 12:39:54] elapsed   9587s  shards done     58315  nodes 3.762e+11 (4.32e+07/s)  candidates 3.150e+11  hits 0  root 4/1752
[cn2xc 12:40:55] elapsed   9648s  shards done     58427  nodes 3.792e+11 (4.93e+07/s)  candidates 3.174e+11  hits 0  root 4/1752
[cn2xc 12:41:56] elapsed   9708s  shards done     58534  nodes 3.813e+11 (3.31e+07/s)  candidates 3.189e+11  hits 0  root 4/1752
[cn2xc 12:42:57] elapsed   9769s  shards done     58611  nodes 3.832e+11 (3.21e+07/s)  candidates 3.204e+11  hits 0  root 4/1752
[cn2xc 12:43:57] elapsed   9830s  shards done     58711  nodes 3.869e+11 (6.16e+07/s)  candidates 3.233e+11  hits 0  root 4/1752
[cn2xc 12:44:58] elapsed   9891s  shards done     58788  nodes 3.889e+11 (3.19e+07/s)  candidates 3.248e+11  hits 0  root 4/1752
[cn2xc 12:45:59] elapsed   9951s  shards done     58832  nodes 3.912e+11 (3.83e+07/s)  candidates 3.265e+11  hits 0  root 4/1752
[cn2xc 12:47:00] elapsed  10012s  shards done     58906  nodes 3.938e+11 (4.30e+07/s)  candidates 3.286e+11  hits 0  root 4/1752
[cn2xc 12:48:00] elapsed  10073s  shards done     58964  nodes 3.957e+11 (3.00e+07/s)  candidates 3.299e+11  hits 0  root 4/1752
[cn2xc 12:49:01] elapsed  10134s  shards done     58972  nodes 3.965e+11 (1.45e+07/s)  candidates 3.305e+11  hits 0  root 4/1752
[cn2xc 12:50:02] elapsed  10194s  shards done     58984  nodes 3.982e+11 (2.72e+07/s)  candidates 3.318e+11  hits 0  root 4/1752
[cn2xc 12:51:03] elapsed  10255s  shards done     58996  nodes 4.003e+11 (3.54e+07/s)  candidates 3.334e+11  hits 0  root 4/1752
[cn2xc 12:52:04] elapsed  10316s  shards done     59008  nodes 4.024e+11 (3.42e+07/s)  candidates 3.350e+11  hits 0  root 4/1752
[cn2xc 12:53:04] elapsed  10377s  shards done     59022  nodes 4.048e+11 (3.94e+07/s)  candidates 3.367e+11  hits 0  root 4/1752
[cn2xc 12:54:05] elapsed  10438s  shards done     59040  nodes 4.084e+11 (5.90e+07/s)  candidates 3.394e+11  hits 0  root 4/1752
[cn2xc 12:55:06] elapsed  10499s  shards done     59053  nodes 4.104e+11 (3.34e+07/s)  candidates 3.409e+11  hits 0  root 4/1752
[cn2xc 12:56:07] elapsed  10559s  shards done     59079  nodes 4.133e+11 (4.72e+07/s)  candidates 3.430e+11  hits 0  root 4/1752
[cn2xc 12:57:08] elapsed  10620s  shards done     59115  nodes 4.170e+11 (5.99e+07/s)  candidates 3.458e+11  hits 0  root 4/1752
[cn2xc 12:58:09] elapsed  10681s  shards done     59167  nodes 4.222e+11 (8.69e+07/s)  candidates 3.497e+11  hits 0  root 4/1752
[cn2xc 12:59:09] elapsed  10742s  shards done     59228  nodes 4.254e+11 (5.19e+07/s)  candidates 3.519e+11  hits 0  root 4/1752
[cn2xc 13:00:10] elapsed  10803s  shards done     59328  nodes 4.284e+11 (5.01e+07/s)  candidates 3.540e+11  hits 0  root 4/1752
[cn2xc 13:01:11] elapsed  10864s  shards done     59496  nodes 4.313e+11 (4.72e+07/s)  candidates 3.559e+11  hits 0  root 4/1752
[cn2xc 13:02:12] elapsed  10924s  shards done     59823  nodes 4.342e+11 (4.74e+07/s)  candidates 3.575e+11  hits 0  root 4/1752
[cn2xc 13:03:13] elapsed  10985s  shards done     61158  nodes 4.368e+11 (4.22e+07/s)  candidates 3.594e+11  hits 0  root 4/1752
[cn2xc 13:04:14] elapsed  11046s  shards done     69355  nodes 4.378e+11 (1.70e+07/s)  candidates 3.600e+11  hits 0  root 5/1752
[cn2xc 13:05:14] elapsed  11107s  shards done     69362  nodes 4.383e+11 (7.99e+06/s)  candidates 3.604e+11  hits 0  root 5/1752
[cn2xc 13:06:15] elapsed  11168s  shards done     69364  nodes 4.385e+11 (4.23e+06/s)  candidates 3.606e+11  hits 0  root 5/1752
[cn2xc 13:07:16] elapsed  11229s  shards done     69371  nodes 4.392e+11 (1.02e+07/s)  candidates 3.611e+11  hits 0  root 5/1752
[cn2xc 13:08:17] elapsed  11289s  shards done     69382  nodes 4.411e+11 (3.22e+07/s)  candidates 3.628e+11  hits 0  root 5/1752
[cn2xc 13:09:18] elapsed  11350s  shards done     69398  nodes 4.441e+11 (4.85e+07/s)  candidates 3.653e+11  hits 0  root 5/1752
[cn2xc 13:10:18] elapsed  11411s  shards done     69419  nodes 4.472e+11 (5.16e+07/s)  candidates 3.680e+11  hits 0  root 5/1752
[cn2xc 13:11:19] elapsed  11472s  shards done     69447  nodes 4.507e+11 (5.68e+07/s)  candidates 3.710e+11  hits 0  root 5/1752
[cn2xc 13:12:20] elapsed  11533s  shards done     69489  nodes 4.531e+11 (4.02e+07/s)  candidates 3.730e+11  hits 0  root 5/1752
[cn2xc 13:13:21] elapsed  11593s  shards done     69559  nodes 4.573e+11 (6.96e+07/s)  candidates 3.766e+11  hits 0  root 5/1752
[cn2xc 13:14:22] elapsed  11654s  shards done     69822  nodes 4.611e+11 (6.21e+07/s)  candidates 3.796e+11  hits 0  root 5/1752
[cn2xc 13:15:23] elapsed  11715s  shards done     69837  nodes 4.626e+11 (2.42e+07/s)  candidates 3.806e+11  hits 0  root 5/1752
[cn2xc 13:16:23] elapsed  11776s  shards done     69849  nodes 4.653e+11 (4.44e+07/s)  candidates 3.829e+11  hits 0  root 5/1752
[cn2xc 13:17:24] elapsed  11837s  shards done     69858  nodes 4.661e+11 (1.27e+07/s)  candidates 3.836e+11  hits 0  root 5/1752
[cn2xc 13:18:25] elapsed  11898s  shards done     69871  nodes 4.681e+11 (3.30e+07/s)  candidates 3.854e+11  hits 0  root 5/1752
[cn2xc 13:19:26] elapsed  11958s  shards done     69891  nodes 4.699e+11 (3.01e+07/s)  candidates 3.869e+11  hits 0  root 5/1752
[cn2xc 13:20:27] elapsed  12019s  shards done     69913  nodes 4.725e+11 (4.30e+07/s)  candidates 3.892e+11  hits 0  root 5/1752
[cn2xc 13:21:27] elapsed  12080s  shards done     69947  nodes 4.763e+11 (6.24e+07/s)  candidates 3.925e+11  hits 0  root 5/1752
[cn2xc 13:22:28] elapsed  12140s  shards done     70010  nodes 4.788e+11 (4.17e+07/s)  candidates 3.946e+11  hits 0  root 5/1752
[cn2xc 13:23:28] elapsed  12201s  shards done     70163  nodes 4.828e+11 (6.65e+07/s)  candidates 3.980e+11  hits 0  root 5/1752
[cn2xc 13:24:29] elapsed  12261s  shards done     70275  nodes 4.858e+11 (4.97e+07/s)  candidates 4.005e+11  hits 0  root 5/1752
[cn2xc 13:25:30] elapsed  12322s  shards done     70287  nodes 4.874e+11 (2.60e+07/s)  candidates 4.016e+11  hits 0  root 5/1752
[cn2xc 13:26:30] elapsed  12383s  shards done     70296  nodes 4.882e+11 (1.31e+07/s)  candidates 4.022e+11  hits 0  root 5/1752
[cn2xc 13:27:31] elapsed  12443s  shards done     70310  nodes 4.897e+11 (2.40e+07/s)  candidates 4.035e+11  hits 0  root 5/1752
[cn2xc 13:28:31] elapsed  12504s  shards done     70330  nodes 4.920e+11 (3.87e+07/s)  candidates 4.055e+11  hits 0  root 5/1752
[cn2xc 13:29:32] elapsed  12564s  shards done     70348  nodes 4.948e+11 (4.66e+07/s)  candidates 4.079e+11  hits 0  root 5/1752
[cn2xc 13:30:33] elapsed  12625s  shards done     70386  nodes 4.981e+11 (5.38e+07/s)  candidates 4.106e+11  hits 0  root 5/1752
[cn2xc 13:31:33] elapsed  12686s  shards done     70440  nodes 5.020e+11 (6.38e+07/s)  candidates 4.138e+11  hits 0  root 5/1752
[cn2xc 13:32:34] elapsed  12746s  shards done     70600  nodes 5.054e+11 (5.60e+07/s)  candidates 4.164e+11  hits 0  root 5/1752
[cn2xc 13:33:34] elapsed  12807s  shards done     70628  nodes 5.065e+11 (1.92e+07/s)  candidates 4.172e+11  hits 0  root 5/1752
[cn2xc 13:34:35] elapsed  12867s  shards done     70641  nodes 5.091e+11 (4.17e+07/s)  candidates 4.192e+11  hits 1  root 5/1752
[cn2xc 13:35:36] elapsed  12928s  shards done     70660  nodes 5.102e+11 (1.94e+07/s)  candidates 4.202e+11  hits 1  root 5/1752
[cn2xc 13:36:36] elapsed  12989s  shards done     70677  nodes 5.126e+11 (3.94e+07/s)  candidates 4.222e+11  hits 1  root 5/1752
[cn2xc 13:37:37] elapsed  13049s  shards done     70713  nodes 5.168e+11 (6.97e+07/s)  candidates 4.258e+11  hits 1  root 5/1752
[cn2xc 13:38:37] elapsed  13110s  shards done     70762  nodes 5.200e+11 (5.23e+07/s)  candidates 4.283e+11  hits 1  root 5/1752
[cn2xc 13:39:38] elapsed  13170s  shards done     70884  nodes 5.238e+11 (6.27e+07/s)  candidates 4.314e+11  hits 1  root 5/1752
[cn2xc 13:40:38] elapsed  13231s  shards done     70926  nodes 5.254e+11 (2.60e+07/s)  candidates 4.326e+11  hits 1  root 5/1752
[cn2xc 13:41:39] elapsed  13291s  shards done     70955  nodes 5.269e+11 (2.43e+07/s)  candidates 4.337e+11  hits 2  root 5/1752
[cn2xc 13:42:40] elapsed  13352s  shards done     70989  nodes 5.291e+11 (3.73e+07/s)  candidates 4.356e+11  hits 2  root 5/1752
[cn2xc 13:43:40] elapsed  13412s  shards done     71066  nodes 5.322e+11 (5.18e+07/s)  candidates 4.383e+11  hits 2  root 5/1752
[cn2xc 13:44:41] elapsed  13473s  shards done     71151  nodes 5.356e+11 (5.61e+07/s)  candidates 4.409e+11  hits 2  root 5/1752
[cn2xc 13:45:41] elapsed  13534s  shards done     71170  nodes 5.367e+11 (1.82e+07/s)  candidates 4.416e+11  hits 2  root 5/1752
[cn2xc 13:46:42] elapsed  13594s  shards done     71188  nodes 5.381e+11 (2.26e+07/s)  candidates 4.427e+11  hits 2  root 5/1752
[cn2xc 13:47:42] elapsed  13654s  shards done     71221  nodes 5.410e+11 (4.72e+07/s)  candidates 4.451e+11  hits 2  root 5/1752
[cn2xc 13:48:43] elapsed  13715s  shards done     71257  nodes 5.435e+11 (4.25e+07/s)  candidates 4.471e+11  hits 2  root 5/1752
[cn2xc 13:49:43] elapsed  13775s  shards done     71322  nodes 5.477e+11 (6.81e+07/s)  candidates 4.505e+11  hits 2  root 5/1752
[cn2xc 13:50:44] elapsed  13836s  shards done     71358  nodes 5.497e+11 (3.40e+07/s)  candidates 4.520e+11  hits 2  root 5/1752
[cn2xc 13:51:44] elapsed  13897s  shards done     71390  nodes 5.515e+11 (2.89e+07/s)  candidates 4.535e+11  hits 2  root 5/1752
[cn2xc 13:52:45] elapsed  13957s  shards done     71449  nodes 5.539e+11 (4.05e+07/s)  candidates 4.554e+11  hits 2  root 5/1752
[cn2xc 13:53:46] elapsed  14018s  shards done     71507  nodes 5.562e+11 (3.69e+07/s)  candidates 4.573e+11  hits 2  root 5/1752
[cn2xc 13:54:46] elapsed  14079s  shards done     71553  nodes 5.585e+11 (3.90e+07/s)  candidates 4.591e+11  hits 2  root 5/1752
[cn2xc 13:55:47] elapsed  14139s  shards done     71639  nodes 5.602e+11 (2.72e+07/s)  candidates 4.604e+11  hits 2  root 5/1752
[cn2xc 13:56:48] elapsed  14200s  shards done     71676  nodes 5.625e+11 (3.78e+07/s)  candidates 4.622e+11  hits 2  root 5/1752
[cn2xc 13:57:48] elapsed  14261s  shards done     71730  nodes 5.652e+11 (4.45e+07/s)  candidates 4.642e+11  hits 2  root 5/1752
[cn2xc 13:58:49] elapsed  14321s  shards done     71784  nodes 5.675e+11 (3.78e+07/s)  candidates 4.661e+11  hits 2  root 5/1752
[cn2xc 13:59:49] elapsed  14382s  shards done     71840  nodes 5.693e+11 (2.99e+07/s)  candidates 4.674e+11  hits 2  root 5/1752
[cn2xc 14:00:50] elapsed  14442s  shards done     71888  nodes 5.721e+11 (4.66e+07/s)  candidates 4.696e+11  hits 3  root 5/1752
[cn2xc 14:01:50] elapsed  14503s  shards done     71947  nodes 5.756e+11 (5.80e+07/s)  candidates 4.722e+11  hits 3  root 5/1752
[cn2xc 14:02:51] elapsed  14563s  shards done     71968  nodes 5.770e+11 (2.36e+07/s)  candidates 4.733e+11  hits 3  root 5/1752
[cn2xc 14:03:51] elapsed  14624s  shards done     71988  nodes 5.790e+11 (3.32e+07/s)  candidates 4.747e+11  hits 3  root 5/1752
[cn2xc 14:04:52] elapsed  14684s  shards done     71997  nodes 5.807e+11 (2.80e+07/s)  candidates 4.759e+11  hits 3  root 5/1752
[cn2xc 14:05:52] elapsed  14745s  shards done     72006  nodes 5.826e+11 (3.02e+07/s)  candidates 4.772e+11  hits 3  root 5/1752
[cn2xc 14:06:53] elapsed  14806s  shards done     72015  nodes 5.838e+11 (2.06e+07/s)  candidates 4.782e+11  hits 3  root 5/1752
[cn2xc 14:07:54] elapsed  14866s  shards done     72025  nodes 5.866e+11 (4.56e+07/s)  candidates 4.803e+11  hits 3  root 5/1752
[cn2xc 14:08:55] elapsed  14927s  shards done     72046  nodes 5.885e+11 (3.18e+07/s)  candidates 4.817e+11  hits 3  root 5/1752
[cn2xc 14:09:55] elapsed  14988s  shards done     72057  nodes 5.904e+11 (3.10e+07/s)  candidates 4.831e+11  hits 3  root 5/1752
[cn2xc 14:10:56] elapsed  15049s  shards done     72068  nodes 5.926e+11 (3.63e+07/s)  candidates 4.847e+11  hits 3  root 5/1752
[cn2xc 14:11:57] elapsed  15109s  shards done     72080  nodes 5.953e+11 (4.48e+07/s)  candidates 4.867e+11  hits 3  root 5/1752
[cn2xc 14:12:58] elapsed  15170s  shards done     72090  nodes 5.968e+11 (2.42e+07/s)  candidates 4.878e+11  hits 3  root 5/1752
[cn2xc 14:13:58] elapsed  15231s  shards done     72101  nodes 5.997e+11 (4.85e+07/s)  candidates 4.900e+11  hits 3  root 5/1752
[cn2xc 14:14:59] elapsed  15292s  shards done     72125  nodes 6.048e+11 (8.30e+07/s)  candidates 4.938e+11  hits 3  root 5/1752
[cn2xc 14:16:00] elapsed  15352s  shards done     72152  nodes 6.073e+11 (4.26e+07/s)  candidates 4.956e+11  hits 3  root 5/1752
[cn2xc 14:17:00] elapsed  15412s  shards done     72197  nodes 6.116e+11 (7.02e+07/s)  candidates 4.987e+11  hits 3  root 5/1752
[cn2xc 14:18:01] elapsed  15473s  shards done     72251  nodes 6.162e+11 (7.56e+07/s)  candidates 5.019e+11  hits 3  root 5/1752
[cn2xc 14:19:01] elapsed  15533s  shards done     72317  nodes 6.202e+11 (6.73e+07/s)  candidates 5.048e+11  hits 3  root 5/1752
[cn2xc 14:20:02] elapsed  15594s  shards done     72433  nodes 6.233e+11 (5.03e+07/s)  candidates 5.069e+11  hits 3  root 5/1752
[cn2xc 14:21:02] elapsed  15655s  shards done     72629  nodes 6.261e+11 (4.66e+07/s)  candidates 5.086e+11  hits 3  root 5/1752
[cn2xc 14:22:03] elapsed  15715s  shards done     73003  nodes 6.289e+11 (4.61e+07/s)  candidates 5.102e+11  hits 3  root 5/1752
[cn2xc 14:23:03] elapsed  15776s  shards done     78878  nodes 6.315e+11 (4.25e+07/s)  candidates 5.121e+11  hits 3  root 5/1752
[cn2xc 14:24:04] elapsed  15836s  shards done     79709  nodes 6.320e+11 (8.22e+06/s)  candidates 5.123e+11  hits 3  root 6/1752
[cn2xc 14:25:04] elapsed  15896s  shards done     79716  nodes 6.325e+11 (8.65e+06/s)  candidates 5.127e+11  hits 3  root 6/1752
[cn2xc 14:26:05] elapsed  15957s  shards done     79725  nodes 6.331e+11 (9.93e+06/s)  candidates 5.133e+11  hits 3  root 6/1752
[cn2xc 14:27:05] elapsed  16018s  shards done     79738  nodes 6.349e+11 (2.92e+07/s)  candidates 5.147e+11  hits 3  root 6/1752
[cn2xc 14:28:06] elapsed  16078s  shards done     79761  nodes 6.378e+11 (4.81e+07/s)  candidates 5.172e+11  hits 3  root 6/1752
[cn2xc 14:29:06] elapsed  16139s  shards done     79781  nodes 6.397e+11 (3.22e+07/s)  candidates 5.189e+11  hits 3  root 6/1752
[cn2xc 14:30:07] elapsed  16199s  shards done     79808  nodes 6.411e+11 (2.25e+07/s)  candidates 5.200e+11  hits 3  root 6/1752
[cn2xc 14:31:08] elapsed  16260s  shards done     79870  nodes 6.447e+11 (5.99e+07/s)  candidates 5.231e+11  hits 3  root 6/1752
[cn2xc 14:32:08] elapsed  16321s  shards done     80014  nodes 6.497e+11 (8.26e+07/s)  candidates 5.273e+11  hits 3  root 6/1752
[cn2xc 14:33:09] elapsed  16381s  shards done     80073  nodes 6.511e+11 (2.18e+07/s)  candidates 5.283e+11  hits 3  root 6/1752
[cn2xc 14:34:09] elapsed  16442s  shards done     80085  nodes 6.526e+11 (2.58e+07/s)  candidates 5.294e+11  hits 3  root 6/1752
[cn2xc 14:35:10] elapsed  16503s  shards done     80094  nodes 6.541e+11 (2.40e+07/s)  candidates 5.307e+11  hits 3  root 6/1752
[cn2xc 14:36:11] elapsed  16563s  shards done     80108  nodes 6.559e+11 (2.95e+07/s)  candidates 5.321e+11  hits 3  root 6/1752
[cn2xc 14:37:11] elapsed  16624s  shards done     80120  nodes 6.574e+11 (2.50e+07/s)  candidates 5.333e+11  hits 3  root 6/1752
[cn2xc 14:38:12] elapsed  16684s  shards done     80135  nodes 6.604e+11 (5.03e+07/s)  candidates 5.359e+11  hits 3  root 6/1752
[cn2xc 14:39:12] elapsed  16745s  shards done     80173  nodes 6.640e+11 (6.00e+07/s)  candidates 5.389e+11  hits 3  root 6/1752
[cn2xc 14:40:13] elapsed  16805s  shards done     80200  nodes 6.658e+11 (2.97e+07/s)  candidates 5.404e+11  hits 3  root 6/1752
[cn2xc 14:41:13] elapsed  16866s  shards done     80252  nodes 6.689e+11 (5.07e+07/s)  candidates 5.429e+11  hits 3  root 6/1752
[cn2xc 14:42:14] elapsed  16926s  shards done     80371  nodes 6.741e+11 (8.62e+07/s)  candidates 5.471e+11  hits 3  root 6/1752
[cn2xc 14:43:15] elapsed  16987s  shards done     80395  nodes 6.751e+11 (1.52e+07/s)  candidates 5.477e+11  hits 3  root 6/1752
[cn2xc 14:44:15] elapsed  17048s  shards done     80407  nodes 6.759e+11 (1.40e+07/s)  candidates 5.483e+11  hits 3  root 6/1752
[cn2xc 14:45:16] elapsed  17108s  shards done     80422  nodes 6.779e+11 (3.34e+07/s)  candidates 5.500e+11  hits 3  root 6/1752
[cn2xc 14:46:17] elapsed  17169s  shards done     80439  nodes 6.804e+11 (4.11e+07/s)  candidates 5.521e+11  hits 3  root 6/1752
[cn2xc 14:47:18] elapsed  17230s  shards done     80469  nodes 6.845e+11 (6.63e+07/s)  candidates 5.555e+11  hits 3  root 6/1752
[cn2xc 14:48:18] elapsed  17291s  shards done     80505  nodes 6.875e+11 (4.95e+07/s)  candidates 5.578e+11  hits 3  root 6/1752
[cn2xc 14:49:19] elapsed  17351s  shards done     80589  nodes 6.921e+11 (7.54e+07/s)  candidates 5.615e+11  hits 3  root 6/1752
[cn2xc 14:50:20] elapsed  17412s  shards done     80671  nodes 6.946e+11 (4.25e+07/s)  candidates 5.635e+11  hits 3  root 6/1752
[cn2xc 14:51:21] elapsed  17473s  shards done     80688  nodes 6.956e+11 (1.67e+07/s)  candidates 5.642e+11  hits 3  root 6/1752
[cn2xc 14:52:21] elapsed  17534s  shards done     80703  nodes 6.968e+11 (1.94e+07/s)  candidates 5.651e+11  hits 3  root 6/1752
[cn2xc 14:53:22] elapsed  17594s  shards done     80727  nodes 7.000e+11 (5.19e+07/s)  candidates 5.678e+11  hits 3  root 6/1752
[cn2xc 14:54:23] elapsed  17655s  shards done     80761  nodes 7.026e+11 (4.35e+07/s)  candidates 5.698e+11  hits 4  root 6/1752
[cn2xc 14:55:23] elapsed  17716s  shards done     80808  nodes 7.047e+11 (3.39e+07/s)  candidates 5.715e+11  hits 4  root 6/1752
[cn2xc 14:56:24] elapsed  17777s  shards done     80852  nodes 7.086e+11 (6.44e+07/s)  candidates 5.744e+11  hits 4  root 6/1752
[cn2xc 14:57:25] elapsed  17837s  shards done     80878  nodes 7.108e+11 (3.61e+07/s)  candidates 5.761e+11  hits 4  root 6/1752
[cn2xc 14:58:26] elapsed  17898s  shards done     80909  nodes 7.132e+11 (4.03e+07/s)  candidates 5.781e+11  hits 4  root 6/1752
[cn2xc 14:59:27] elapsed  17959s  shards done     80959  nodes 7.156e+11 (3.89e+07/s)  candidates 5.801e+11  hits 4  root 6/1752
[cn2xc 15:00:27] elapsed  18020s  shards done     81021  nodes 7.180e+11 (3.95e+07/s)  candidates 5.820e+11  hits 4  root 6/1752
[cn2xc 15:01:28] elapsed  18081s  shards done     81058  nodes 7.203e+11 (3.84e+07/s)  candidates 5.838e+11  hits 4  root 6/1752
[cn2xc 15:02:29] elapsed  18142s  shards done     81114  nodes 7.222e+11 (3.03e+07/s)  candidates 5.853e+11  hits 4  root 6/1752
[cn2xc 15:03:30] elapsed  18202s  shards done     81205  nodes 7.243e+11 (3.41e+07/s)  candidates 5.870e+11  hits 4  root 6/1752
[cn2xc 15:04:31] elapsed  18263s  shards done     81237  nodes 7.267e+11 (4.06e+07/s)  candidates 5.888e+11  hits 4  root 6/1752
[cn2xc 15:05:32] elapsed  18324s  shards done     81289  nodes 7.286e+11 (3.06e+07/s)  candidates 5.903e+11  hits 4  root 6/1752
[cn2xc 15:06:32] elapsed  18385s  shards done     81342  nodes 7.316e+11 (4.93e+07/s)  candidates 5.926e+11  hits 4  root 6/1752
[cn2xc 15:07:33] elapsed  18446s  shards done     81408  nodes 7.358e+11 (6.88e+07/s)  candidates 5.957e+11  hits 4  root 6/1752
[cn2xc 15:08:34] elapsed  18506s  shards done     81447  nodes 7.377e+11 (3.13e+07/s)  candidates 5.972e+11  hits 4  root 6/1752
[cn2xc 15:09:34] elapsed  18567s  shards done     81501  nodes 7.406e+11 (4.79e+07/s)  candidates 5.993e+11  hits 4  root 6/1752
[cn2xc 15:10:35] elapsed  18627s  shards done     81527  nodes 7.414e+11 (1.38e+07/s)  candidates 5.999e+11  hits 4  root 6/1752
[cn2xc 15:11:35] elapsed  18687s  shards done     81550  nodes 7.427e+11 (2.10e+07/s)  candidates 6.009e+11  hits 4  root 6/1752
[cn2xc 15:12:36] elapsed  18748s  shards done     81565  nodes 7.441e+11 (2.39e+07/s)  candidates 6.019e+11  hits 4  root 6/1752
[cn2xc 15:13:36] elapsed  18809s  shards done     81575  nodes 7.470e+11 (4.72e+07/s)  candidates 6.040e+11  hits 4  root 6/1752
[cn2xc 15:14:37] elapsed  18869s  shards done     81583  nodes 7.484e+11 (2.29e+07/s)  candidates 6.050e+11  hits 4  root 6/1752
[cn2xc 15:15:37] elapsed  18930s  shards done     81598  nodes 7.507e+11 (3.93e+07/s)  candidates 6.068e+11  hits 4  root 6/1752
[cn2xc 15:16:38] elapsed  18990s  shards done     81604  nodes 7.523e+11 (2.66e+07/s)  candidates 6.079e+11  hits 4  root 6/1752
[cn2xc 15:17:39] elapsed  19051s  shards done     81609  nodes 7.539e+11 (2.62e+07/s)  candidates 6.091e+11  hits 4  root 6/1752
[cn2xc 15:18:39] elapsed  19112s  shards done     81621  nodes 7.571e+11 (5.19e+07/s)  candidates 6.115e+11  hits 4  root 6/1752
[cn2xc 15:19:40] elapsed  19173s  shards done     81628  nodes 7.590e+11 (3.16e+07/s)  candidates 6.129e+11  hits 4  root 6/1752
[cn2xc 15:20:41] elapsed  19233s  shards done     81641  nodes 7.614e+11 (3.88e+07/s)  candidates 6.147e+11  hits 4  root 6/1752
[cn2xc 15:21:42] elapsed  19294s  shards done     81654  nodes 7.635e+11 (3.47e+07/s)  candidates 6.163e+11  hits 4  root 6/1752
[cn2xc 15:22:42] elapsed  19355s  shards done     81662  nodes 7.645e+11 (1.65e+07/s)  candidates 6.170e+11  hits 4  root 6/1752
[cn2xc 15:23:42] elapsed  19415s  shards done     81672  nodes 7.681e+11 (5.97e+07/s)  candidates 6.197e+11  hits 4  root 6/1752
[cn2xc 15:24:43] elapsed  19475s  shards done     81686  nodes 7.707e+11 (4.28e+07/s)  candidates 6.216e+11  hits 4  root 6/1752
[cn2xc 15:25:43] elapsed  19536s  shards done     81696  nodes 7.737e+11 (5.01e+07/s)  candidates 6.238e+11  hits 4  root 6/1752
[cn2xc 15:26:44] elapsed  19597s  shards done     81714  nodes 7.779e+11 (6.97e+07/s)  candidates 6.269e+11  hits 4  root 6/1752
[cn2xc 15:27:45] elapsed  19657s  shards done     81736  nodes 7.824e+11 (7.41e+07/s)  candidates 6.301e+11  hits 4  root 6/1752
[cn2xc 15:28:45] elapsed  19718s  shards done     81761  nodes 7.860e+11 (5.95e+07/s)  candidates 6.327e+11  hits 4  root 6/1752
[cn2xc 15:29:46] elapsed  19778s  shards done     81809  nodes 7.907e+11 (7.74e+07/s)  candidates 6.360e+11  hits 4  root 6/1752
[cn2xc 15:30:47] elapsed  19839s  shards done     81863  nodes 7.937e+11 (4.97e+07/s)  candidates 6.381e+11  hits 4  root 6/1752
[cn2xc 15:31:47] elapsed  19900s  shards done     81905  nodes 7.966e+11 (4.75e+07/s)  candidates 6.401e+11  hits 4  root 6/1752
[cn2xc 15:32:48] elapsed  19960s  shards done     81998  nodes 7.999e+11 (5.45e+07/s)  candidates 6.423e+11  hits 4  root 6/1752
[cn2xc 15:33:48] elapsed  20021s  shards done     82173  nodes 8.028e+11 (4.83e+07/s)  candidates 6.442e+11  hits 4  root 6/1752
[cn2xc 15:34:49] elapsed  20081s  shards done     82422  nodes 8.056e+11 (4.62e+07/s)  candidates 6.457e+11  hits 4  root 6/1752
[cn2xc 15:35:49] elapsed  20142s  shards done     83049  nodes 8.084e+11 (4.53e+07/s)  candidates 6.474e+11  hits 4  root 6/1752
[cn2xc 15:36:50] elapsed  20202s  shards done     89479  nodes 8.101e+11 (2.96e+07/s)  candidates 6.487e+11  hits 4  root 7/1752
[cn2xc 15:37:50] elapsed  20263s  shards done     89492  nodes 8.107e+11 (9.12e+06/s)  candidates 6.490e+11  hits 4  root 7/1752
[cn2xc 15:38:51] elapsed  20324s  shards done     89503  nodes 8.115e+11 (1.36e+07/s)  candidates 6.497e+11  hits 4  root 7/1752
[cn2xc 15:39:52] elapsed  20384s  shards done     89522  nodes 8.137e+11 (3.60e+07/s)  candidates 6.517e+11  hits 4  root 7/1752
[cn2xc 15:40:53] elapsed  20445s  shards done     89542  nodes 8.156e+11 (3.05e+07/s)  candidates 6.532e+11  hits 4  root 7/1752
[cn2xc 15:41:53] elapsed  20506s  shards done     89570  nodes 8.181e+11 (4.10e+07/s)  candidates 6.553e+11  hits 4  root 7/1752
[cn2xc 15:42:54] elapsed  20567s  shards done     89617  nodes 8.210e+11 (4.86e+07/s)  candidates 6.577e+11  hits 4  root 7/1752
[cn2xc 15:43:55] elapsed  20627s  shards done     89691  nodes 8.240e+11 (5.00e+07/s)  candidates 6.602e+11  hits 4  root 7/1752
[cn2xc 15:44:56] elapsed  20688s  shards done     89711  nodes 8.257e+11 (2.69e+07/s)  candidates 6.614e+11  hits 4  root 7/1752
[cn2xc 15:45:56] elapsed  20749s  shards done     89724  nodes 8.280e+11 (3.77e+07/s)  candidates 6.632e+11  hits 4  root 7/1752
[cn2xc 15:46:57] elapsed  20810s  shards done     89744  nodes 8.300e+11 (3.37e+07/s)  candidates 6.650e+11  hits 4  root 7/1752
[cn2xc 15:47:58] elapsed  20870s  shards done     89757  nodes 8.321e+11 (3.36e+07/s)  candidates 6.668e+11  hits 4  root 7/1752
[cn2xc 15:48:59] elapsed  20931s  shards done     89792  nodes 8.359e+11 (6.39e+07/s)  candidates 6.701e+11  hits 4  root 7/1752
[cn2xc 15:49:59] elapsed  20992s  shards done     89840  nodes 8.388e+11 (4.65e+07/s)  candidates 6.724e+11  hits 4  root 7/1752
[cn2xc 15:51:00] elapsed  21053s  shards done     89913  nodes 8.421e+11 (5.55e+07/s)  candidates 6.751e+11  hits 4  root 7/1752
[cn2xc 15:52:01] elapsed  21113s  shards done     89942  nodes 8.453e+11 (5.26e+07/s)  candidates 6.774e+11  hits 4  root 7/1752
[cn2xc 15:53:02] elapsed  21174s  shards done     89977  nodes 8.469e+11 (2.53e+07/s)  candidates 6.787e+11  hits 4  root 7/1752
[cn2xc 15:54:03] elapsed  21235s  shards done     90024  nodes 8.496e+11 (4.50e+07/s)  candidates 6.810e+11  hits 4  root 7/1752
[cn2xc 15:55:03] elapsed  21296s  shards done     90114  nodes 8.522e+11 (4.26e+07/s)  candidates 6.832e+11  hits 4  root 7/1752
[cn2xc 15:56:04] elapsed  21356s  shards done     90139  nodes 8.536e+11 (2.38e+07/s)  candidates 6.843e+11  hits 4  root 7/1752
[cn2xc 15:57:05] elapsed  21417s  shards done     90158  nodes 8.555e+11 (3.01e+07/s)  candidates 6.857e+11  hits 4  root 7/1752
[cn2xc 15:58:05] elapsed  21478s  shards done     90184  nodes 8.580e+11 (4.12e+07/s)  candidates 6.877e+11  hits 4  root 7/1752
[cn2xc 15:59:06] elapsed  21538s  shards done     90215  nodes 8.600e+11 (3.37e+07/s)  candidates 6.894e+11  hits 4  root 7/1752
[cn2xc 16:00:06] elapsed  21599s  shards done     90260  nodes 8.635e+11 (5.86e+07/s)  candidates 6.922e+11  hits 4  root 7/1752
[cn2xc 16:01:07] elapsed  21659s  shards done     90285  nodes 8.661e+11 (4.26e+07/s)  candidates 6.941e+11  hits 4  root 7/1752
[cn2xc 16:02:07] elapsed  21720s  shards done     90308  nodes 8.685e+11 (3.85e+07/s)  candidates 6.960e+11  hits 4  root 7/1752
[cn2xc 16:03:08] elapsed  21780s  shards done     90342  nodes 8.709e+11 (4.06e+07/s)  candidates 6.980e+11  hits 4  root 7/1752
[cn2xc 16:04:09] elapsed  21841s  shards done     90383  nodes 8.733e+11 (4.01e+07/s)  candidates 7.000e+11  hits 4  root 7/1752
[cn2xc 16:05:09] elapsed  21902s  shards done     90416  nodes 8.751e+11 (2.93e+07/s)  candidates 7.014e+11  hits 4  root 7/1752
[cn2xc 16:06:10] elapsed  21962s  shards done     90454  nodes 8.773e+11 (3.55e+07/s)  candidates 7.030e+11  hits 4  root 7/1752
[cn2xc 16:07:10] elapsed  22022s  shards done     90478  nodes 8.786e+11 (2.12e+07/s)  candidates 7.041e+11  hits 4  root 7/1752
[cn2xc 16:08:10] elapsed  22083s  shards done     90510  nodes 8.796e+11 (1.69e+07/s)  candidates 7.048e+11  hits 4  root 7/1752
[cn2xc 16:09:11] elapsed  22143s  shards done     90529  nodes 8.829e+11 (5.56e+07/s)  candidates 7.074e+11  hits 4  root 7/1752
[cn2xc 16:10:11] elapsed  22204s  shards done     90544  nodes 8.836e+11 (1.09e+07/s)  candidates 7.079e+11  hits 4  root 7/1752
[cn2xc 16:11:12] elapsed  22264s  shards done     90550  nodes 8.847e+11 (1.81e+07/s)  candidates 7.086e+11  hits 4  root 7/1752
[cn2xc 16:12:12] elapsed  22325s  shards done     90556  nodes 8.862e+11 (2.54e+07/s)  candidates 7.098e+11  hits 4  root 7/1752
[cn2xc 16:13:13] elapsed  22385s  shards done     90560  nodes 8.873e+11 (1.72e+07/s)  candidates 7.105e+11  hits 4  root 7/1752
[cn2xc 16:14:14] elapsed  22446s  shards done     90568  nodes 8.915e+11 (6.97e+07/s)  candidates 7.137e+11  hits 4  root 7/1752
[cn2xc 16:15:14] elapsed  22507s  shards done     90577  nodes 8.944e+11 (4.86e+07/s)  candidates 7.159e+11  hits 4  root 7/1752
[cn2xc 16:16:15] elapsed  22567s  shards done     90585  nodes 8.970e+11 (4.21e+07/s)  candidates 7.178e+11  hits 4  root 7/1752
[cn2xc 16:17:15] elapsed  22628s  shards done     90590  nodes 8.978e+11 (1.39e+07/s)  candidates 7.184e+11  hits 4  root 7/1752
[cn2xc 16:18:16] elapsed  22688s  shards done     90599  nodes 9.007e+11 (4.79e+07/s)  candidates 7.207e+11  hits 4  root 7/1752
[cn2xc 16:19:17] elapsed  22749s  shards done     90609  nodes 9.039e+11 (5.23e+07/s)  candidates 7.230e+11  hits 4  root 7/1752
[cn2xc 16:20:17] elapsed  22810s  shards done     90617  nodes 9.061e+11 (3.65e+07/s)  candidates 7.245e+11  hits 4  root 7/1752
[cn2xc 16:21:18] elapsed  22870s  shards done     90638  nodes 9.082e+11 (3.53e+07/s)  candidates 7.261e+11  hits 4  root 7/1752
[cn2xc 16:22:18] elapsed  22931s  shards done     90646  nodes 9.095e+11 (2.11e+07/s)  candidates 7.271e+11  hits 4  root 7/1752
[cn2xc 16:23:19] elapsed  22991s  shards done     90656  nodes 9.130e+11 (5.78e+07/s)  candidates 7.298e+11  hits 4  root 7/1752
[cn2xc 16:24:20] elapsed  23052s  shards done     90674  nodes 9.175e+11 (7.32e+07/s)  candidates 7.331e+11  hits 4  root 7/1752
[cn2xc 16:25:20] elapsed  23113s  shards done     90688  nodes 9.204e+11 (4.92e+07/s)  candidates 7.353e+11  hits 4  root 7/1752
[cn2xc 16:26:21] elapsed  23173s  shards done     90704  nodes 9.236e+11 (5.17e+07/s)  candidates 7.375e+11  hits 4  root 7/1752
[cn2xc 16:27:21] elapsed  23234s  shards done     90724  nodes 9.259e+11 (3.79e+07/s)  candidates 7.392e+11  hits 4  root 7/1752
[cn2xc 16:28:22] elapsed  23294s  shards done     90753  nodes 9.297e+11 (6.37e+07/s)  candidates 7.420e+11  hits 4  root 7/1752
[cn2xc 16:29:22] elapsed  23355s  shards done     90800  nodes 9.331e+11 (5.65e+07/s)  candidates 7.445e+11  hits 4  root 7/1752
[cn2xc 16:30:23] elapsed  23415s  shards done     90855  nodes 9.377e+11 (7.58e+07/s)  candidates 7.478e+11  hits 4  root 7/1752
[cn2xc 16:31:24] elapsed  23476s  shards done     90914  nodes 9.425e+11 (7.92e+07/s)  candidates 7.511e+11  hits 4  root 7/1752
[cn2xc 16:32:24] elapsed  23537s  shards done     91021  nodes 9.457e+11 (5.17e+07/s)  candidates 7.533e+11  hits 4  root 7/1752
[cn2xc 16:33:25] elapsed  23597s  shards done     91227  nodes 9.485e+11 (4.69e+07/s)  candidates 7.550e+11  hits 4  root 7/1752
[cn2xc 16:34:26] elapsed  23658s  shards done     91679  nodes 9.514e+11 (4.70e+07/s)  candidates 7.566e+11  hits 4  root 7/1752
[cn2xc 16:35:26] elapsed  23719s  shards done     96972  nodes 9.536e+11 (3.75e+07/s)  candidates 7.583e+11  hits 4  root 8/1752
[cn2xc 16:36:27] elapsed  23779s  shards done     96994  nodes 9.544e+11 (1.19e+07/s)  candidates 7.586e+11  hits 4  root 8/1752
[cn2xc 16:37:27] elapsed  23840s  shards done     97012  nodes 9.555e+11 (1.84e+07/s)  candidates 7.595e+11  hits 4  root 8/1752
[cn2xc 16:38:28] elapsed  23900s  shards done     97022  nodes 9.563e+11 (1.35e+07/s)  candidates 7.602e+11  hits 4  root 8/1752
[cn2xc 16:39:28] elapsed  23961s  shards done     97048  nodes 9.592e+11 (4.86e+07/s)  candidates 7.627e+11  hits 4  root 8/1752
[cn2xc 16:40:29] elapsed  24021s  shards done     97084  nodes 9.624e+11 (5.14e+07/s)  candidates 7.652e+11  hits 4  root 8/1752
[cn2xc 16:41:30] elapsed  24082s  shards done     97141  nodes 9.659e+11 (5.92e+07/s)  candidates 7.681e+11  hits 4  root 8/1752
[cn2xc 16:42:30] elapsed  24143s  shards done     97168  nodes 9.685e+11 (4.26e+07/s)  candidates 7.701e+11  hits 4  root 8/1752
[cn2xc 16:43:31] elapsed  24203s  shards done     97189  nodes 9.700e+11 (2.52e+07/s)  candidates 7.713e+11  hits 4  root 8/1752
[cn2xc 16:44:31] elapsed  24264s  shards done     97220  nodes 9.720e+11 (3.24e+07/s)  candidates 7.730e+11  hits 5  root 8/1752
[cn2xc 16:45:32] elapsed  24324s  shards done     97257  nodes 9.746e+11 (4.33e+07/s)  candidates 7.752e+11  hits 5  root 8/1752
[cn2xc 16:46:33] elapsed  24385s  shards done     97273  nodes 9.768e+11 (3.64e+07/s)  candidates 7.769e+11  hits 5  root 8/1752
[cn2xc 16:47:33] elapsed  24446s  shards done     97290  nodes 9.778e+11 (1.60e+07/s)  candidates 7.776e+11  hits 5  root 8/1752
[cn2xc 16:48:34] elapsed  24506s  shards done     97303  nodes 9.802e+11 (4.03e+07/s)  candidates 7.795e+11  hits 5  root 8/1752
[cn2xc 16:49:34] elapsed  24567s  shards done     97321  nodes 9.825e+11 (3.79e+07/s)  candidates 7.813e+11  hits 5  root 8/1752
[cn2xc 16:50:35] elapsed  24627s  shards done     97347  nodes 9.857e+11 (5.20e+07/s)  candidates 7.837e+11  hits 5  root 8/1752
[cn2xc 16:51:35] elapsed  24688s  shards done     97360  nodes 9.873e+11 (2.64e+07/s)  candidates 7.850e+11  hits 5  root 8/1752
[cn2xc 16:52:36] elapsed  24749s  shards done     97379  nodes 9.892e+11 (3.08e+07/s)  candidates 7.863e+11  hits 5  root 8/1752
[cn2xc 16:53:37] elapsed  24809s  shards done     97400  nodes 9.928e+11 (5.95e+07/s)  candidates 7.890e+11  hits 5  root 8/1752
[cn2xc 16:54:37] elapsed  24870s  shards done     97436  nodes 9.955e+11 (4.58e+07/s)  candidates 7.913e+11  hits 5  root 8/1752
[cn2xc 16:55:38] elapsed  24930s  shards done     97455  nodes 9.978e+11 (3.69e+07/s)  candidates 7.930e+11  hits 5  root 8/1752
[cn2xc 16:56:38] elapsed  24991s  shards done     97480  nodes 1.000e+12 (3.91e+07/s)  candidates 7.948e+11  hits 5  root 8/1752
[cn2xc 16:57:39] elapsed  25052s  shards done     97518  nodes 1.003e+12 (3.90e+07/s)  candidates 7.967e+11  hits 5  root 8/1752
[cn2xc 16:58:40] elapsed  25112s  shards done     97535  nodes 1.003e+12 (1.42e+07/s)  candidates 7.974e+11  hits 5  root 8/1752
[cn2xc 16:59:40] elapsed  25173s  shards done     97540  nodes 1.004e+12 (1.12e+07/s)  candidates 7.979e+11  hits 5  root 8/1752
[cn2xc 17:00:41] elapsed  25233s  shards done     97545  nodes 1.006e+12 (2.86e+07/s)  candidates 7.991e+11  hits 5  root 8/1752
[cn2xc 17:01:41] elapsed  25294s  shards done     97546  nodes 1.007e+12 (1.53e+07/s)  candidates 7.998e+11  hits 5  root 8/1752
[cn2xc 17:02:42] elapsed  25354s  shards done     97552  nodes 1.009e+12 (4.08e+07/s)  candidates 8.017e+11  hits 5  root 8/1752
[cn2xc 17:03:43] elapsed  25415s  shards done     97558  nodes 1.011e+12 (2.29e+07/s)  candidates 8.027e+11  hits 5  root 8/1752
[cn2xc 17:04:43] elapsed  25476s  shards done     97562  nodes 1.012e+12 (2.51e+07/s)  candidates 8.038e+11  hits 5  root 8/1752
[cn2xc 17:05:43] elapsed  25536s  shards done     97565  nodes 1.013e+12 (1.34e+07/s)  candidates 8.043e+11  hits 5  root 8/1752
[cn2xc 17:06:44] elapsed  25596s  shards done     97568  nodes 1.014e+12 (2.18e+07/s)  candidates 8.053e+11  hits 5  root 8/1752
[cn2xc 17:07:44] elapsed  25656s  shards done     97568  nodes 1.014e+12 (0.00e+00/s)  candidates 8.053e+11  hits 5  root 8/1752
[cn2xc 17:08:45] elapsed  25717s  shards done     97570  nodes 1.016e+12 (3.60e+07/s)  candidates 8.070e+11  hits 5  root 8/1752
[cn2xc 17:09:45] elapsed  25777s  shards done     97580  nodes 1.023e+12 (1.07e+08/s)  candidates 8.117e+11  hits 5  root 8/1752
[cn2xc 17:10:46] elapsed  25838s  shards done     97599  nodes 1.028e+12 (8.09e+07/s)  candidates 8.152e+11  hits 5  root 8/1752
[cn2xc 17:11:46] elapsed  25899s  shards done     97606  nodes 1.031e+12 (5.91e+07/s)  candidates 8.180e+11  hits 5  root 8/1752
[cn2xc 17:12:47] elapsed  25959s  shards done     97612  nodes 1.034e+12 (3.57e+07/s)  candidates 8.196e+11  hits 5  root 8/1752
[cn2xc 17:13:47] elapsed  26020s  shards done     97619  nodes 1.036e+12 (3.99e+07/s)  candidates 8.213e+11  hits 5  root 8/1752
[cn2xc 17:14:48] elapsed  26080s  shards done     97628  nodes 1.039e+12 (4.31e+07/s)  candidates 8.233e+11  hits 5  root 8/1752
[cn2xc 17:15:49] elapsed  26141s  shards done     97634  nodes 1.042e+12 (5.48e+07/s)  candidates 8.258e+11  hits 5  root 8/1752
[cn2xc 17:16:49] elapsed  26202s  shards done     97643  nodes 1.044e+12 (4.17e+07/s)  candidates 8.277e+11  hits 5  root 8/1752
[cn2xc 17:17:50] elapsed  26262s  shards done     97652  nodes 1.048e+12 (5.46e+07/s)  candidates 8.302e+11  hits 5  root 8/1752
[cn2xc 17:18:50] elapsed  26323s  shards done     97663  nodes 1.051e+12 (4.69e+07/s)  candidates 8.322e+11  hits 5  root 8/1752
[cn2xc 17:19:51] elapsed  26383s  shards done     97671  nodes 1.052e+12 (1.92e+07/s)  candidates 8.330e+11  hits 5  root 8/1752
[cn2xc 17:20:51] elapsed  26444s  shards done     97685  nodes 1.055e+12 (6.00e+07/s)  candidates 8.357e+11  hits 5  root 8/1752
[cn2xc 17:21:52] elapsed  26504s  shards done     97698  nodes 1.059e+12 (6.69e+07/s)  candidates 8.386e+11  hits 5  root 8/1752
[cn2xc 17:22:53] elapsed  26565s  shards done     97711  nodes 1.063e+12 (6.14e+07/s)  candidates 8.413e+11  hits 5  root 8/1752
[cn2xc 17:23:53] elapsed  26626s  shards done     97729  nodes 1.066e+12 (4.26e+07/s)  candidates 8.431e+11  hits 5  root 8/1752
[cn2xc 17:24:54] elapsed  26686s  shards done     97749  nodes 1.069e+12 (5.38e+07/s)  candidates 8.455e+11  hits 5  root 8/1752
[cn2xc 17:25:54] elapsed  26747s  shards done     97779  nodes 1.072e+12 (5.61e+07/s)  candidates 8.478e+11  hits 5  root 8/1752
[cn2xc 17:26:55] elapsed  26807s  shards done     97816  nodes 1.077e+12 (7.58e+07/s)  candidates 8.511e+11  hits 5  root 8/1752
[cn2xc 17:27:56] elapsed  26868s  shards done     97872  nodes 1.080e+12 (5.70e+07/s)  candidates 8.534e+11  hits 5  root 8/1752
[cn2xc 17:28:56] elapsed  26929s  shards done     97926  nodes 1.085e+12 (7.61e+07/s)  candidates 8.566e+11  hits 5  root 8/1752
[cn2xc 17:29:57] elapsed  26989s  shards done     98017  nodes 1.088e+12 (4.77e+07/s)  candidates 8.586e+11  hits 5  root 8/1752
[cn2xc 17:30:57] elapsed  27050s  shards done     98195  nodes 1.091e+12 (5.23e+07/s)  candidates 8.605e+11  hits 5  root 8/1752
[cn2xc 17:31:58] elapsed  27110s  shards done     98443  nodes 1.094e+12 (4.44e+07/s)  candidates 8.620e+11  hits 5  root 8/1752
[cn2xc 17:32:59] elapsed  27171s  shards done     99087  nodes 1.097e+12 (4.76e+07/s)  candidates 8.637e+11  hits 5  root 8/1752
[cn2xc 17:33:59] elapsed  27232s  shards done    103109  nodes 1.098e+12 (2.83e+07/s)  candidates 8.651e+11  hits 5  root 9/1752
[cn2xc 17:35:00] elapsed  27292s  shards done    103150  nodes 1.100e+12 (2.09e+07/s)  candidates 8.659e+11  hits 5  root 9/1752
[cn2xc 17:36:00] elapsed  27353s  shards done    103194  nodes 1.102e+12 (4.21e+07/s)  candidates 8.681e+11  hits 5  root 9/1752
[cn2xc 17:37:01] elapsed  27413s  shards done    103218  nodes 1.104e+12 (3.37e+07/s)  candidates 8.697e+11  hits 5  root 9/1752
[cn2xc 17:38:01] elapsed  27474s  shards done    103232  nodes 1.105e+12 (1.52e+07/s)  candidates 8.704e+11  hits 5  root 9/1752
[cn2xc 17:39:02] elapsed  27534s  shards done    103253  nodes 1.107e+12 (3.40e+07/s)  candidates 8.722e+11  hits 5  root 9/1752
[cn2xc 17:40:02] elapsed  27595s  shards done    103276  nodes 1.109e+12 (3.58e+07/s)  candidates 8.739e+11  hits 5  root 9/1752
[cn2xc 17:41:03] elapsed  27655s  shards done    103300  nodes 1.112e+12 (4.10e+07/s)  candidates 8.758e+11  hits 5  root 9/1752
[cn2xc 17:42:03] elapsed  27716s  shards done    103320  nodes 1.114e+12 (3.01e+07/s)  candidates 8.773e+11  hits 5  root 9/1752
[cn2xc 17:43:04] elapsed  27776s  shards done    103347  nodes 1.116e+12 (3.13e+07/s)  candidates 8.788e+11  hits 5  root 9/1752
[cn2xc 17:44:04] elapsed  27836s  shards done    103363  nodes 1.116e+12 (1.34e+07/s)  candidates 8.795e+11  hits 5  root 9/1752
[cn2xc 17:45:04] elapsed  27897s  shards done    103389  nodes 1.119e+12 (3.54e+07/s)  candidates 8.811e+11  hits 5  root 9/1752
[cn2xc 17:46:05] elapsed  27957s  shards done    103407  nodes 1.121e+12 (4.48e+07/s)  candidates 8.832e+11  hits 5  root 9/1752
[cn2xc 17:47:06] elapsed  28018s  shards done    103415  nodes 1.122e+12 (7.81e+06/s)  candidates 8.835e+11  hits 5  root 9/1752
[cn2xc 17:48:06] elapsed  28079s  shards done    103420  nodes 1.123e+12 (2.43e+07/s)  candidates 8.846e+11  hits 5  root 9/1752
[cn2xc 17:49:07] elapsed  28139s  shards done    103422  nodes 1.124e+12 (1.43e+07/s)  candidates 8.852e+11  hits 5  root 9/1752
[cn2xc 17:50:08] elapsed  28200s  shards done    103428  nodes 1.126e+12 (3.06e+07/s)  candidates 8.866e+11  hits 5  root 9/1752
[cn2xc 17:51:08] elapsed  28261s  shards done    103431  nodes 1.127e+12 (2.15e+07/s)  candidates 8.875e+11  hits 5  root 9/1752
[cn2xc 17:52:09] elapsed  28321s  shards done    103436  nodes 1.129e+12 (2.96e+07/s)  candidates 8.889e+11  hits 5  root 9/1752
[cn2xc 17:53:09] elapsed  28382s  shards done    103440  nodes 1.130e+12 (1.24e+07/s)  candidates 8.894e+11  hits 5  root 9/1752
[cn2xc 17:54:10] elapsed  28442s  shards done    103443  nodes 1.132e+12 (4.10e+07/s)  candidates 8.914e+11  hits 5  root 9/1752
[cn2xc 17:55:11] elapsed  28503s  shards done    103449  nodes 1.136e+12 (5.89e+07/s)  candidates 8.940e+11  hits 5  root 9/1752
[cn2xc 17:56:11] elapsed  28564s  shards done    103459  nodes 1.141e+12 (8.21e+07/s)  candidates 8.977e+11  hits 5  root 9/1752
[cn2xc 17:57:12] elapsed  28624s  shards done    103465  nodes 1.143e+12 (3.41e+07/s)  candidates 8.992e+11  hits 5  root 9/1752
[cn2xc 17:58:12] elapsed  28685s  shards done    103473  nodes 1.145e+12 (3.43e+07/s)  candidates 9.008e+11  hits 5  root 9/1752
[cn2xc 17:59:13] elapsed  28745s  shards done    103477  nodes 1.147e+12 (4.26e+07/s)  candidates 9.028e+11  hits 5  root 9/1752
[cn2xc 18:00:14] elapsed  28806s  shards done    103486  nodes 1.149e+12 (2.08e+07/s)  candidates 9.037e+11  hits 5  root 9/1752
[cn2xc 18:01:15] elapsed  28867s  shards done    103496  nodes 1.155e+12 (1.10e+08/s)  candidates 9.089e+11  hits 5  root 9/1752
[cn2xc 18:02:15] elapsed  28928s  shards done    103505  nodes 1.158e+12 (3.92e+07/s)  candidates 9.106e+11  hits 5  root 9/1752
[cn2xc 18:03:16] elapsed  28988s  shards done    103518  nodes 1.162e+12 (7.62e+07/s)  candidates 9.140e+11  hits 5  root 9/1752
[cn2xc 18:04:17] elapsed  29049s  shards done    103528  nodes 1.164e+12 (2.74e+07/s)  candidates 9.152e+11  hits 5  root 9/1752
[cn2xc 18:05:18] elapsed  29110s  shards done    103541  nodes 1.166e+12 (3.85e+07/s)  candidates 9.169e+11  hits 5  root 9/1752
[cn2xc 18:06:18] elapsed  29171s  shards done    103554  nodes 1.170e+12 (5.32e+07/s)  candidates 9.192e+11  hits 5  root 9/1752
[cn2xc 18:07:19] elapsed  29232s  shards done    103569  nodes 1.174e+12 (6.93e+07/s)  candidates 9.223e+11  hits 5  root 9/1752
[cn2xc 18:08:20] elapsed  29293s  shards done    103586  nodes 1.177e+12 (4.72e+07/s)  candidates 9.243e+11  hits 5  root 9/1752
[cn2xc 18:09:21] elapsed  29353s  shards done    103613  nodes 1.182e+12 (8.52e+07/s)  candidates 9.281e+11  hits 5  root 9/1752
[cn2xc 18:10:22] elapsed  29414s  shards done    103652  nodes 1.185e+12 (4.80e+07/s)  candidates 9.302e+11  hits 5  root 9/1752
[cn2xc 18:11:23] elapsed  29475s  shards done    103710  nodes 1.191e+12 (9.96e+07/s)  candidates 9.345e+11  hits 5  root 9/1752
[cn2xc 18:12:23] elapsed  29536s  shards done    103762  nodes 1.193e+12 (3.68e+07/s)  candidates 9.359e+11  hits 5  root 9/1752
[cn2xc 18:13:24] elapsed  29597s  shards done    103844  nodes 1.197e+12 (5.51e+07/s)  candidates 9.383e+11  hits 5  root 9/1752
[cn2xc 18:14:25] elapsed  29657s  shards done    104012  nodes 1.200e+12 (5.14e+07/s)  candidates 9.402e+11  hits 5  root 9/1752
[cn2xc 18:15:26] elapsed  29718s  shards done    104279  nodes 1.203e+12 (4.75e+07/s)  candidates 9.418e+11  hits 5  root 9/1752
[cn2xc 18:16:26] elapsed  29779s  shards done    105110  nodes 1.205e+12 (4.60e+07/s)  candidates 9.435e+11  hits 5  root 9/1752
[cn2xc 18:17:27] elapsed  29839s  shards done    108097  nodes 1.207e+12 (1.95e+07/s)  candidates 9.445e+11  hits 5  root 10/1752
[cn2xc 18:18:27] elapsed  29900s  shards done    108128  nodes 1.208e+12 (2.14e+07/s)  candidates 9.454e+11  hits 5  root 10/1752
[cn2xc 18:19:27] elapsed  29960s  shards done    108169  nodes 1.210e+12 (2.88e+07/s)  candidates 9.468e+11  hits 5  root 10/1752
[cn2xc 18:20:28] elapsed  30020s  shards done    108196  nodes 1.211e+12 (2.54e+07/s)  candidates 9.481e+11  hits 5  root 10/1752
[cn2xc 18:21:28] elapsed  30081s  shards done    108206  nodes 1.212e+12 (1.33e+07/s)  candidates 9.487e+11  hits 5  root 10/1752
[cn2xc 18:22:29] elapsed  30141s  shards done    108214  nodes 1.213e+12 (1.81e+07/s)  candidates 9.495e+11  hits 5  root 10/1752
[cn2xc 18:23:30] elapsed  30202s  shards done    108217  nodes 1.214e+12 (1.30e+07/s)  candidates 9.501e+11  hits 5  root 10/1752
[cn2xc 18:24:30] elapsed  30263s  shards done    108224  nodes 1.215e+12 (1.57e+07/s)  candidates 9.508e+11  hits 5  root 10/1752
[cn2xc 18:25:31] elapsed  30323s  shards done    108227  nodes 1.216e+12 (1.55e+07/s)  candidates 9.516e+11  hits 5  root 10/1752
[cn2xc 18:26:31] elapsed  30384s  shards done    108236  nodes 1.217e+12 (2.82e+07/s)  candidates 9.529e+11  hits 5  root 10/1752
[cn2xc 18:27:32] elapsed  30444s  shards done    108245  nodes 1.220e+12 (5.01e+07/s)  candidates 9.553e+11  hits 5  root 10/1752
[cn2xc 18:28:33] elapsed  30505s  shards done    108254  nodes 1.223e+12 (4.32e+07/s)  candidates 9.573e+11  hits 5  root 10/1752
[cn2xc 18:29:33] elapsed  30565s  shards done    108262  nodes 1.225e+12 (4.06e+07/s)  candidates 9.591e+11  hits 5  root 10/1752
[cn2xc 18:30:34] elapsed  30626s  shards done    108272  nodes 1.229e+12 (6.36e+07/s)  candidates 9.620e+11  hits 5  root 10/1752
[cn2xc 18:31:34] elapsed  30687s  shards done    108284  nodes 1.232e+12 (5.07e+07/s)  candidates 9.644e+11  hits 5  root 10/1752
[cn2xc 18:32:35] elapsed  30747s  shards done    108298  nodes 1.236e+12 (5.67e+07/s)  candidates 9.671e+11  hits 5  root 10/1752
[cn2xc 18:33:35] elapsed  30808s  shards done    108321  nodes 1.238e+12 (3.28e+07/s)  candidates 9.686e+11  hits 5  root 10/1752
[cn2xc 18:34:36] elapsed  30868s  shards done    108338  nodes 1.242e+12 (6.12e+07/s)  candidates 9.715e+11  hits 5  root 10/1752
[cn2xc 18:35:36] elapsed  30929s  shards done    108361  nodes 1.245e+12 (5.64e+07/s)  candidates 9.740e+11  hits 5  root 10/1752
[cn2xc 18:36:37] elapsed  30989s  shards done    108380  nodes 1.249e+12 (5.89e+07/s)  candidates 9.766e+11  hits 5  root 10/1752
[cn2xc 18:37:38] elapsed  31050s  shards done    108405  nodes 1.251e+12 (3.60e+07/s)  candidates 9.782e+11  hits 5  root 10/1752
[cn2xc 18:38:38] elapsed  31111s  shards done    108454  nodes 1.256e+12 (8.62e+07/s)  candidates 9.820e+11  hits 5  root 10/1752
[cn2xc 18:39:39] elapsed  31171s  shards done    108524  nodes 1.259e+12 (5.52e+07/s)  candidates 9.844e+11  hits 5  root 10/1752
[cn2xc 18:40:39] elapsed  31232s  shards done    108608  nodes 1.263e+12 (6.71e+07/s)  candidates 9.872e+11  hits 5  root 10/1752
[cn2xc 18:41:40] elapsed  31292s  shards done    108854  nodes 1.266e+12 (5.22e+07/s)  candidates 9.893e+11  hits 5  root 10/1752
[cn2xc 18:42:41] elapsed  31353s  shards done    109398  nodes 1.269e+12 (4.61e+07/s)  candidates 9.910e+11  hits 5  root 10/1752
[cn2xc 18:43:42] elapsed  31414s  shards done    113094  nodes 1.271e+12 (2.87e+07/s)  candidates 9.923e+11  hits 5  root 11/1752
[cn2xc 18:44:42] elapsed  31475s  shards done    113109  nodes 1.272e+12 (1.51e+07/s)  candidates 9.928e+11  hits 5  root 11/1752
[cn2xc 18:45:43] elapsed  31536s  shards done    113118  nodes 1.273e+12 (1.74e+07/s)  candidates 9.934e+11  hits 5  root 11/1752
[cn2xc 18:46:44] elapsed  31597s  shards done    113123  nodes 1.274e+12 (1.36e+07/s)  candidates 9.941e+11  hits 5  root 11/1752
[cn2xc 18:47:45] elapsed  31657s  shards done    113127  nodes 1.274e+12 (8.43e+06/s)  candidates 9.944e+11  hits 5  root 11/1752
[cn2xc 18:48:46] elapsed  31718s  shards done    113130  nodes 1.275e+12 (9.93e+06/s)  candidates 9.948e+11  hits 5  root 11/1752
[cn2xc 18:49:47] elapsed  31779s  shards done    113134  nodes 1.276e+12 (2.54e+07/s)  candidates 9.961e+11  hits 5  root 11/1752
[cn2xc 18:50:47] elapsed  31840s  shards done    113139  nodes 1.278e+12 (1.75e+07/s)  candidates 9.968e+11  hits 5  root 11/1752
[cn2xc 18:51:48] elapsed  31901s  shards done    113143  nodes 1.279e+12 (2.52e+07/s)  candidates 9.981e+11  hits 5  root 11/1752
[cn2xc 18:52:49] elapsed  31962s  shards done    113148  nodes 1.281e+12 (3.06e+07/s)  candidates 9.995e+11  hits 5  root 11/1752
[cn2xc 18:53:50] elapsed  32022s  shards done    113150  nodes 1.281e+12 (3.28e+06/s)  candidates 9.996e+11  hits 5  root 11/1752
[cn2xc 18:54:51] elapsed  32083s  shards done    113153  nodes 1.283e+12 (2.37e+07/s)  candidates 1.001e+12  hits 5  root 11/1752
[cn2xc 18:55:52] elapsed  32144s  shards done    113158  nodes 1.287e+12 (6.56e+07/s)  candidates 1.004e+12  hits 5  root 11/1752
[cn2xc 18:56:52] elapsed  32205s  shards done    113164  nodes 1.289e+12 (3.94e+07/s)  candidates 1.005e+12  hits 5  root 11/1752
[cn2xc 18:57:53] elapsed  32266s  shards done    113172  nodes 1.293e+12 (6.38e+07/s)  candidates 1.008e+12  hits 5  root 11/1752
[cn2xc 18:58:54] elapsed  32326s  shards done    113181  nodes 1.296e+12 (5.33e+07/s)  candidates 1.011e+12  hits 5  root 11/1752
[cn2xc 18:59:55] elapsed  32387s  shards done    113186  nodes 1.297e+12 (1.16e+07/s)  candidates 1.011e+12  hits 5  root 11/1752
[cn2xc 19:00:56] elapsed  32448s  shards done    113192  nodes 1.300e+12 (5.97e+07/s)  candidates 1.014e+12  hits 5  root 11/1752
[cn2xc 19:01:56] elapsed  32509s  shards done    113199  nodes 1.303e+12 (4.50e+07/s)  candidates 1.016e+12  hits 5  root 11/1752
[cn2xc 19:02:57] elapsed  32570s  shards done    113206  nodes 1.307e+12 (6.91e+07/s)  candidates 1.019e+12  hits 5  root 11/1752
[cn2xc 19:03:58] elapsed  32631s  shards done    113213  nodes 1.311e+12 (5.59e+07/s)  candidates 1.022e+12  hits 5  root 11/1752
[cn2xc 19:04:59] elapsed  32691s  shards done    113222  nodes 1.312e+12 (2.04e+07/s)  candidates 1.023e+12  hits 5  root 11/1752
[cn2xc 19:06:00] elapsed  32752s  shards done    113230  nodes 1.314e+12 (2.57e+07/s)  candidates 1.024e+12  hits 5  root 11/1752
[cn2xc 19:07:01] elapsed  32813s  shards done    113243  nodes 1.317e+12 (5.85e+07/s)  candidates 1.026e+12  hits 5  root 11/1752
[cn2xc 19:08:01] elapsed  32874s  shards done    113256  nodes 1.321e+12 (6.46e+07/s)  candidates 1.029e+12  hits 5  root 11/1752
[cn2xc 19:09:02] elapsed  32935s  shards done    113271  nodes 1.326e+12 (8.41e+07/s)  candidates 1.033e+12  hits 5  root 11/1752
[cn2xc 19:10:03] elapsed  32995s  shards done    113286  nodes 1.329e+12 (4.45e+07/s)  candidates 1.035e+12  hits 5  root 11/1752
[cn2xc 19:11:04] elapsed  33056s  shards done    113306  nodes 1.333e+12 (6.51e+07/s)  candidates 1.038e+12  hits 5  root 11/1752
[cn2xc 19:12:05] elapsed  33117s  shards done    113332  nodes 1.335e+12 (4.35e+07/s)  candidates 1.039e+12  hits 5  root 11/1752
[cn2xc 19:13:05] elapsed  33178s  shards done    113373  nodes 1.341e+12 (8.78e+07/s)  candidates 1.043e+12  hits 5  root 11/1752
[cn2xc 19:14:06] elapsed  33239s  shards done    113428  nodes 1.344e+12 (5.71e+07/s)  candidates 1.046e+12  hits 5  root 11/1752
[cn2xc 19:15:07] elapsed  33299s  shards done    113464  nodes 1.346e+12 (2.76e+07/s)  candidates 1.047e+12  hits 5  root 11/1752
[cn2xc 19:16:08] elapsed  33360s  shards done    113555  nodes 1.354e+12 (1.31e+08/s)  candidates 1.052e+12  hits 5  root 11/1752
[cn2xc 19:17:09] elapsed  33421s  shards done    113704  nodes 1.357e+12 (5.36e+07/s)  candidates 1.054e+12  hits 5  root 11/1752
[cn2xc 19:18:10] elapsed  33482s  shards done    113934  nodes 1.360e+12 (4.85e+07/s)  candidates 1.056e+12  hits 5  root 11/1752
[cn2xc 19:19:10] elapsed  33543s  shards done    114509  nodes 1.363e+12 (4.80e+07/s)  candidates 1.058e+12  hits 5  root 11/1752
[cn2xc 19:20:11] elapsed  33604s  shards done    117038  nodes 1.365e+12 (3.05e+07/s)  candidates 1.059e+12  hits 5  root 12/1752
[cn2xc 19:21:12] elapsed  33664s  shards done    117050  nodes 1.366e+12 (1.50e+07/s)  candidates 1.060e+12  hits 5  root 12/1752
[cn2xc 19:22:13] elapsed  33725s  shards done    117054  nodes 1.366e+12 (3.03e+06/s)  candidates 1.060e+12  hits 5  root 12/1752
[cn2xc 19:23:14] elapsed  33786s  shards done    117060  nodes 1.367e+12 (2.06e+07/s)  candidates 1.061e+12  hits 5  root 12/1752
[cn2xc 19:24:14] elapsed  33847s  shards done    117063  nodes 1.368e+12 (9.60e+06/s)  candidates 1.061e+12  hits 5  root 12/1752
[cn2xc 19:25:15] elapsed  33907s  shards done    117068  nodes 1.369e+12 (1.67e+07/s)  candidates 1.062e+12  hits 5  root 12/1752
[cn2xc 19:26:15] elapsed  33967s  shards done    117072  nodes 1.370e+12 (2.37e+07/s)  candidates 1.063e+12  hits 5  root 12/1752
[cn2xc 19:27:15] elapsed  34028s  shards done    117077  nodes 1.372e+12 (2.63e+07/s)  candidates 1.064e+12  hits 5  root 12/1752
[cn2xc 19:28:15] elapsed  34088s  shards done    117080  nodes 1.373e+12 (1.29e+07/s)  candidates 1.065e+12  hits 5  root 12/1752
[cn2xc 19:29:16] elapsed  34148s  shards done    117091  nodes 1.376e+12 (4.78e+07/s)  candidates 1.067e+12  hits 5  root 12/1752
[cn2xc 19:30:16] elapsed  34209s  shards done    117109  nodes 1.379e+12 (6.45e+07/s)  candidates 1.070e+12  hits 5  root 12/1752
[cn2xc 19:31:17] elapsed  34269s  shards done    117120  nodes 1.382e+12 (4.14e+07/s)  candidates 1.072e+12  hits 5  root 12/1752
[cn2xc 19:32:17] elapsed  34330s  shards done    117127  nodes 1.383e+12 (1.85e+07/s)  candidates 1.073e+12  hits 5  root 12/1752
[cn2xc 19:33:18] elapsed  34390s  shards done    117130  nodes 1.383e+12 (3.77e+06/s)  candidates 1.073e+12  hits 5  root 12/1752
[cn2xc 19:34:19] elapsed  34451s  shards done    117144  nodes 1.388e+12 (7.82e+07/s)  candidates 1.076e+12  hits 5  root 12/1752
[cn2xc 19:35:20] elapsed  34512s  shards done    117153  nodes 1.392e+12 (6.46e+07/s)  candidates 1.079e+12  hits 5  root 12/1752
[cn2xc 19:36:20] elapsed  34573s  shards done    117170  nodes 1.396e+12 (7.39e+07/s)  candidates 1.083e+12  hits 5  root 12/1752
[cn2xc 19:37:21] elapsed  34634s  shards done    117190  nodes 1.400e+12 (5.49e+07/s)  candidates 1.085e+12  hits 5  root 12/1752
[cn2xc 19:38:22] elapsed  34694s  shards done    117202  nodes 1.402e+12 (4.29e+07/s)  candidates 1.087e+12  hits 5  root 12/1752
[cn2xc 19:39:23] elapsed  34755s  shards done    117221  nodes 1.405e+12 (3.81e+07/s)  candidates 1.089e+12  hits 5  root 12/1752
[cn2xc 19:40:24] elapsed  34816s  shards done    117245  nodes 1.408e+12 (5.05e+07/s)  candidates 1.091e+12  hits 5  root 12/1752
[cn2xc 19:41:24] elapsed  34877s  shards done    117290  nodes 1.414e+12 (9.43e+07/s)  candidates 1.095e+12  hits 5  root 12/1752
[cn2xc 19:42:25] elapsed  34938s  shards done    117350  nodes 1.418e+12 (7.05e+07/s)  candidates 1.098e+12  hits 5  root 12/1752
[cn2xc 19:43:26] elapsed  34998s  shards done    117411  nodes 1.421e+12 (4.98e+07/s)  candidates 1.100e+12  hits 5  root 12/1752
[cn2xc 19:44:27] elapsed  35059s  shards done    117519  nodes 1.424e+12 (5.78e+07/s)  candidates 1.103e+12  hits 5  root 12/1752
[cn2xc 19:45:27] elapsed  35120s  shards done    117790  nodes 1.427e+12 (4.94e+07/s)  candidates 1.105e+12  hits 5  root 12/1752
[cn2xc 19:46:28] elapsed  35180s  shards done    118298  nodes 1.430e+12 (4.35e+07/s)  candidates 1.106e+12  hits 5  root 12/1752
[cn2xc 19:47:28] elapsed  35241s  shards done    121074  nodes 1.432e+12 (2.80e+07/s)  candidates 1.107e+12  hits 5  root 13/1752
[cn2xc 19:48:29] elapsed  35301s  shards done    121085  nodes 1.432e+12 (9.95e+06/s)  candidates 1.108e+12  hits 5  root 13/1752
[cn2xc 19:49:29] elapsed  35361s  shards done    121097  nodes 1.433e+12 (1.76e+07/s)  candidates 1.108e+12  hits 5  root 13/1752
[cn2xc 19:50:29] elapsed  35422s  shards done    121101  nodes 1.434e+12 (8.75e+06/s)  candidates 1.109e+12  hits 5  root 13/1752
[cn2xc 19:51:30] elapsed  35482s  shards done    121114  nodes 1.436e+12 (3.32e+07/s)  candidates 1.110e+12  hits 5  root 13/1752
[cn2xc 19:52:30] elapsed  35543s  shards done    121130  nodes 1.439e+12 (4.75e+07/s)  candidates 1.112e+12  hits 5  root 13/1752
[cn2xc 19:53:31] elapsed  35603s  shards done    121146  nodes 1.441e+12 (3.08e+07/s)  candidates 1.114e+12  hits 5  root 13/1752
[cn2xc 19:54:31] elapsed  35664s  shards done    121172  nodes 1.443e+12 (3.70e+07/s)  candidates 1.115e+12  hits 5  root 13/1752
[cn2xc 19:55:32] elapsed  35724s  shards done    121191  nodes 1.445e+12 (3.68e+07/s)  candidates 1.117e+12  hits 5  root 13/1752
[cn2xc 19:56:33] elapsed  35785s  shards done    121224  nodes 1.450e+12 (7.64e+07/s)  candidates 1.121e+12  hits 5  root 13/1752
[cn2xc 19:57:33] elapsed  35846s  shards done    121253  nodes 1.453e+12 (6.06e+07/s)  candidates 1.123e+12  hits 5  root 13/1752
[cn2xc 19:58:34] elapsed  35906s  shards done    121304  nodes 1.457e+12 (6.00e+07/s)  candidates 1.126e+12  hits 5  root 13/1752
[cn2xc 19:59:35] elapsed  35967s  shards done    121406  nodes 1.460e+12 (4.41e+07/s)  candidates 1.128e+12  hits 5  root 13/1752
[cn2xc 20:00:36] elapsed  36028s  shards done    121550  nodes 1.464e+12 (6.73e+07/s)  candidates 1.131e+12  hits 5  root 13/1752
[cn2xc 20:01:36] elapsed  36089s  shards done    122029  nodes 1.467e+12 (4.98e+07/s)  candidates 1.132e+12  hits 5  root 13/1752
[cn2xc 20:02:37] elapsed  36150s  shards done    124452  nodes 1.469e+12 (2.78e+07/s)  candidates 1.134e+12  hits 5  root 14/1752
[cn2xc 20:03:38] elapsed  36210s  shards done    124464  nodes 1.469e+12 (1.23e+07/s)  candidates 1.134e+12  hits 5  root 14/1752
[cn2xc 20:04:39] elapsed  36271s  shards done    124473  nodes 1.470e+12 (1.42e+07/s)  candidates 1.134e+12  hits 5  root 14/1752
[cn2xc 20:05:40] elapsed  36332s  shards done    124492  nodes 1.472e+12 (2.99e+07/s)  candidates 1.136e+12  hits 5  root 14/1752
[cn2xc 20:06:41] elapsed  36393s  shards done    124506  nodes 1.474e+12 (3.51e+07/s)  candidates 1.138e+12  hits 5  root 14/1752
[cn2xc 20:07:41] elapsed  36454s  shards done    124524  nodes 1.477e+12 (4.61e+07/s)  candidates 1.140e+12  hits 5  root 14/1752
[cn2xc 20:08:42] elapsed  36515s  shards done    124551  nodes 1.480e+12 (4.73e+07/s)  candidates 1.142e+12  hits 5  root 14/1752
[cn2xc 20:09:43] elapsed  36575s  shards done    124565  nodes 1.481e+12 (2.62e+07/s)  candidates 1.143e+12  hits 5  root 14/1752
[cn2xc 20:10:44] elapsed  36636s  shards done    124583  nodes 1.485e+12 (5.51e+07/s)  candidates 1.145e+12  hits 5  root 14/1752
[cn2xc 20:11:45] elapsed  36697s  shards done    124602  nodes 1.487e+12 (3.78e+07/s)  candidates 1.147e+12  hits 5  root 14/1752
[cn2xc 20:12:45] elapsed  36758s  shards done    124638  nodes 1.492e+12 (8.63e+07/s)  candidates 1.151e+12  hits 5  root 14/1752
[cn2xc 20:13:46] elapsed  36819s  shards done    124711  nodes 1.497e+12 (7.68e+07/s)  candidates 1.154e+12  hits 5  root 14/1752
[cn2xc 20:14:47] elapsed  36880s  shards done    124819  nodes 1.500e+12 (4.72e+07/s)  candidates 1.156e+12  hits 5  root 14/1752
[cn2xc 20:15:48] elapsed  36940s  shards done    125013  nodes 1.503e+12 (5.20e+07/s)  candidates 1.158e+12  hits 5  root 14/1752
[cn2xc 20:16:49] elapsed  37001s  shards done    125588  nodes 1.506e+12 (4.82e+07/s)  candidates 1.160e+12  hits 5  root 14/1752
[cn2xc 20:17:50] elapsed  37062s  shards done    127962  nodes 1.507e+12 (2.57e+07/s)  candidates 1.161e+12  hits 5  root 15/1752
[cn2xc 20:18:51] elapsed  37123s  shards done    127982  nodes 1.509e+12 (1.86e+07/s)  candidates 1.162e+12  hits 5  root 15/1752
[cn2xc 20:19:51] elapsed  37184s  shards done    128003  nodes 1.510e+12 (2.23e+07/s)  candidates 1.163e+12  hits 5  root 15/1752
[cn2xc 20:20:52] elapsed  37245s  shards done    128022  nodes 1.512e+12 (3.36e+07/s)  candidates 1.164e+12  hits 5  root 15/1752
[cn2xc 20:21:53] elapsed  37305s  shards done    128057  nodes 1.516e+12 (6.06e+07/s)  candidates 1.167e+12  hits 5  root 15/1752
[cn2xc 20:22:54] elapsed  37366s  shards done    128083  nodes 1.517e+12 (2.65e+07/s)  candidates 1.168e+12  hits 5  root 15/1752
[cn2xc 20:23:55] elapsed  37427s  shards done    128124  nodes 1.521e+12 (6.34e+07/s)  candidates 1.171e+12  hits 5  root 15/1752
[cn2xc 20:24:56] elapsed  37488s  shards done    128185  nodes 1.526e+12 (7.28e+07/s)  candidates 1.174e+12  hits 5  root 15/1752
[cn2xc 20:25:56] elapsed  37549s  shards done    128300  nodes 1.529e+12 (5.33e+07/s)  candidates 1.177e+12  hits 5  root 15/1752
[cn2xc 20:26:57] elapsed  37610s  shards done    128501  nodes 1.532e+12 (4.82e+07/s)  candidates 1.178e+12  hits 5  root 15/1752
[cn2xc 20:27:58] elapsed  37670s  shards done    129267  nodes 1.535e+12 (4.93e+07/s)  candidates 1.180e+12  hits 5  root 15/1752
[cn2xc 20:28:59] elapsed  37731s  shards done    131065  nodes 1.536e+12 (1.67e+07/s)  candidates 1.181e+12  hits 5  root 16/1752
[cn2xc 20:30:00] elapsed  37792s  shards done    131097  nodes 1.537e+12 (2.53e+07/s)  candidates 1.182e+12  hits 5  root 16/1752
[cn2xc 20:31:01] elapsed  37853s  shards done    131120  nodes 1.539e+12 (3.50e+07/s)  candidates 1.183e+12  hits 5  root 16/1752
[cn2xc 20:32:01] elapsed  37914s  shards done    131150  nodes 1.541e+12 (2.89e+07/s)  candidates 1.185e+12  hits 5  root 16/1752
[cn2xc 20:33:02] elapsed  37975s  shards done    131185  nodes 1.545e+12 (6.05e+07/s)  candidates 1.187e+12  hits 5  root 16/1752
[cn2xc 20:34:03] elapsed  38036s  shards done    131232  nodes 1.548e+12 (5.48e+07/s)  candidates 1.190e+12  hits 5  root 16/1752
[cn2xc 20:35:04] elapsed  38096s  shards done    131329  nodes 1.553e+12 (7.18e+07/s)  candidates 1.193e+12  hits 5  root 16/1752
[cn2xc 20:36:05] elapsed  38157s  shards done    131500  nodes 1.555e+12 (4.62e+07/s)  candidates 1.195e+12  hits 5  root 16/1752
[cn2xc 20:37:06] elapsed  38218s  shards done    131932  nodes 1.558e+12 (4.78e+07/s)  candidates 1.197e+12  hits 5  root 16/1752
[cn2xc 20:38:06] elapsed  38279s  shards done    134067  nodes 1.560e+12 (3.10e+07/s)  candidates 1.198e+12  hits 5  root 17/1752
[cn2xc 20:39:07] elapsed  38340s  shards done    134085  nodes 1.561e+12 (1.82e+07/s)  candidates 1.198e+12  hits 5  root 17/1752
[cn2xc 20:40:08] elapsed  38401s  shards done    134099  nodes 1.563e+12 (2.35e+07/s)  candidates 1.200e+12  hits 5  root 17/1752
[cn2xc 20:41:09] elapsed  38461s  shards done    134129  nodes 1.564e+12 (2.70e+07/s)  candidates 1.201e+12  hits 5  root 17/1752
[cn2xc 20:42:10] elapsed  38522s  shards done    134145  nodes 1.567e+12 (3.75e+07/s)  candidates 1.202e+12  hits 5  root 17/1752
[cn2xc 20:43:11] elapsed  38583s  shards done    134173  nodes 1.570e+12 (5.26e+07/s)  candidates 1.205e+12  hits 5  root 17/1752
[cn2xc 20:44:12] elapsed  38644s  shards done    134207  nodes 1.574e+12 (5.92e+07/s)  candidates 1.207e+12  hits 5  root 17/1752
[cn2xc 20:45:13] elapsed  38705s  shards done    134282  nodes 1.577e+12 (5.07e+07/s)  candidates 1.210e+12  hits 5  root 17/1752
[cn2xc 20:46:13] elapsed  38766s  shards done    134411  nodes 1.580e+12 (6.40e+07/s)  candidates 1.212e+12  hits 5  root 17/1752
[cn2xc 20:47:14] elapsed  38827s  shards done    134674  nodes 1.583e+12 (4.75e+07/s)  candidates 1.214e+12  hits 5  root 17/1752
[cn2xc 20:48:15] elapsed  38887s  shards done    136479  nodes 1.587e+12 (6.05e+07/s)  candidates 1.217e+12  hits 5  root 17/1752
[cn2xc 20:49:16] elapsed  38948s  shards done    136889  nodes 1.588e+12 (1.06e+07/s)  candidates 1.217e+12  hits 5  root 18/1752
[cn2xc 20:50:17] elapsed  39009s  shards done    136901  nodes 1.589e+12 (2.11e+07/s)  candidates 1.218e+12  hits 5  root 18/1752
[cn2xc 20:51:17] elapsed  39070s  shards done    136910  nodes 1.590e+12 (1.90e+07/s)  candidates 1.219e+12  hits 5  root 18/1752
[cn2xc 20:52:18] elapsed  39131s  shards done    136923  nodes 1.592e+12 (3.56e+07/s)  candidates 1.220e+12  hits 5  root 18/1752
[cn2xc 20:53:19] elapsed  39191s  shards done    136938  nodes 1.595e+12 (4.07e+07/s)  candidates 1.222e+12  hits 5  root 18/1752
[cn2xc 20:54:20] elapsed  39252s  shards done    136953  nodes 1.597e+12 (2.86e+07/s)  candidates 1.223e+12  hits 5  root 18/1752
[cn2xc 20:55:21] elapsed  39313s  shards done    136970  nodes 1.601e+12 (6.64e+07/s)  candidates 1.226e+12  hits 5  root 18/1752
[cn2xc 20:56:22] elapsed  39374s  shards done    136989  nodes 1.603e+12 (4.73e+07/s)  candidates 1.228e+12  hits 5  root 18/1752
[cn2xc 20:57:22] elapsed  39435s  shards done    137018  nodes 1.607e+12 (5.75e+07/s)  candidates 1.231e+12  hits 5  root 18/1752
[cn2xc 20:58:23] elapsed  39496s  shards done    137059  nodes 1.611e+12 (6.59e+07/s)  candidates 1.233e+12  hits 5  root 18/1752
[cn2xc 20:59:24] elapsed  39556s  shards done    137129  nodes 1.615e+12 (7.45e+07/s)  candidates 1.237e+12  hits 5  root 18/1752
[cn2xc 21:00:25] elapsed  39617s  shards done    137192  nodes 1.618e+12 (3.63e+07/s)  candidates 1.238e+12  hits 5  root 18/1752
[cn2xc 21:01:26] elapsed  39678s  shards done    137313  nodes 1.621e+12 (5.55e+07/s)  candidates 1.240e+12  hits 5  root 18/1752
[cn2xc 21:02:26] elapsed  39739s  shards done    137553  nodes 1.624e+12 (5.13e+07/s)  candidates 1.242e+12  hits 5  root 18/1752
[cn2xc 21:03:27] elapsed  39799s  shards done    138091  nodes 1.627e+12 (4.85e+07/s)  candidates 1.244e+12  hits 5  root 18/1752
[cn2xc 21:04:28] elapsed  39860s  shards done    139249  nodes 1.629e+12 (2.62e+07/s)  candidates 1.245e+12  hits 5  root 19/1752
[cn2xc 21:05:29] elapsed  39921s  shards done    139296  nodes 1.631e+12 (3.62e+07/s)  candidates 1.246e+12  hits 5  root 19/1752
[cn2xc 21:06:29] elapsed  39982s  shards done    139337  nodes 1.633e+12 (3.76e+07/s)  candidates 1.248e+12  hits 5  root 19/1752
[cn2xc 21:07:30] elapsed  40043s  shards done    139402  nodes 1.637e+12 (5.91e+07/s)  candidates 1.251e+12  hits 5  root 19/1752
[cn2xc 21:08:31] elapsed  40103s  shards done    139564  nodes 1.640e+12 (5.17e+07/s)  candidates 1.253e+12  hits 5  root 19/1752
[cn2xc 21:09:32] elapsed  40164s  shards done    140082  nodes 1.643e+12 (5.11e+07/s)  candidates 1.255e+12  hits 5  root 19/1752
[cn2xc 21:10:33] elapsed  40225s  shards done    142635  nodes 1.645e+12 (2.61e+07/s)  candidates 1.256e+12  hits 5  root 20/1752
[cn2xc 21:11:33] elapsed  40286s  shards done    142668  nodes 1.646e+12 (2.57e+07/s)  candidates 1.257e+12  hits 5  root 20/1752
[cn2xc 21:12:34] elapsed  40347s  shards done    142689  nodes 1.648e+12 (2.76e+07/s)  candidates 1.258e+12  hits 5  root 20/1752
[cn2xc 21:13:35] elapsed  40407s  shards done    142710  nodes 1.650e+12 (3.28e+07/s)  candidates 1.259e+12  hits 5  root 20/1752
[cn2xc 21:14:36] elapsed  40468s  shards done    142742  nodes 1.653e+12 (5.25e+07/s)  candidates 1.262e+12  hits 5  root 20/1752
[cn2xc 21:15:37] elapsed  40529s  shards done    142791  nodes 1.657e+12 (6.04e+07/s)  candidates 1.264e+12  hits 5  root 20/1752
[cn2xc 21:16:37] elapsed  40590s  shards done    142884  nodes 1.660e+12 (5.56e+07/s)  candidates 1.267e+12  hits 5  root 20/1752
[cn2xc 21:17:38] elapsed  40651s  shards done    142988  nodes 1.663e+12 (4.67e+07/s)  candidates 1.269e+12  hits 5  root 20/1752
[cn2xc 21:18:39] elapsed  40711s  shards done    143283  nodes 1.666e+12 (5.85e+07/s)  candidates 1.271e+12  hits 5  root 20/1752
[cn2xc 21:19:40] elapsed  40772s  shards done    144688  nodes 1.669e+12 (4.65e+07/s)  candidates 1.273e+12  hits 5  root 21/1752
[cn2xc 21:20:41] elapsed  40833s  shards done    144733  nodes 1.671e+12 (2.17e+07/s)  candidates 1.274e+12  hits 5  root 21/1752
[cn2xc 21:21:42] elapsed  40894s  shards done    144793  nodes 1.673e+12 (4.62e+07/s)  candidates 1.275e+12  hits 5  root 21/1752
[cn2xc 21:22:42] elapsed  40955s  shards done    144944  nodes 1.677e+12 (5.48e+07/s)  candidates 1.278e+12  hits 5  root 21/1752
[cn2xc 21:23:43] elapsed  41016s  shards done    145461  nodes 1.680e+12 (4.96e+07/s)  candidates 1.280e+12  hits 5  root 21/1752
[cn2xc 21:24:44] elapsed  41076s  shards done    146907  nodes 1.681e+12 (2.34e+07/s)  candidates 1.281e+12  hits 5  root 22/1752
[cn2xc 21:25:45] elapsed  41137s  shards done    146933  nodes 1.683e+12 (2.79e+07/s)  candidates 1.282e+12  hits 5  root 22/1752
[cn2xc 21:26:46] elapsed  41198s  shards done    146958  nodes 1.685e+12 (3.92e+07/s)  candidates 1.283e+12  hits 5  root 22/1752
[cn2xc 21:27:46] elapsed  41259s  shards done    146987  nodes 1.688e+12 (4.03e+07/s)  candidates 1.285e+12  hits 5  root 22/1752
[cn2xc 21:28:47] elapsed  41320s  shards done    147046  nodes 1.691e+12 (5.36e+07/s)  candidates 1.287e+12  hits 5  root 22/1752
[cn2xc 21:29:48] elapsed  41380s  shards done    147124  nodes 1.694e+12 (5.19e+07/s)  candidates 1.290e+12  hits 5  root 22/1752
[cn2xc 21:30:49] elapsed  41441s  shards done    147222  nodes 1.697e+12 (4.85e+07/s)  candidates 1.292e+12  hits 5  root 22/1752
[cn2xc 21:31:49] elapsed  41502s  shards done    147499  nodes 1.701e+12 (6.30e+07/s)  candidates 1.294e+12  hits 5  root 22/1752
[cn2xc 21:32:50] elapsed  41563s  shards done    148369  nodes 1.704e+12 (4.81e+07/s)  candidates 1.296e+12  hits 5  root 22/1752
[cn2xc 21:33:51] elapsed  41623s  shards done    148872  nodes 1.705e+12 (2.04e+07/s)  candidates 1.297e+12  hits 5  root 23/1752
[cn2xc 21:34:52] elapsed  41684s  shards done    148928  nodes 1.708e+12 (4.82e+07/s)  candidates 1.299e+12  hits 5  root 23/1752
[cn2xc 21:35:53] elapsed  41745s  shards done    149039  nodes 1.711e+12 (5.37e+07/s)  candidates 1.301e+12  hits 5  root 23/1752
[cn2xc 21:36:53] elapsed  41806s  shards done    149297  nodes 1.714e+12 (5.16e+07/s)  candidates 1.303e+12  hits 5  root 23/1752
[cn2xc 21:37:54] elapsed  41867s  shards done    150585  nodes 1.717e+12 (4.32e+07/s)  candidates 1.305e+12  hits 5  root 23/1752
[cn2xc 21:38:55] elapsed  41927s  shards done    151408  nodes 1.719e+12 (2.41e+07/s)  candidates 1.306e+12  hits 5  root 24/1752
[cn2xc 21:39:56] elapsed  41988s  shards done    151462  nodes 1.721e+12 (4.06e+07/s)  candidates 1.307e+12  hits 5  root 24/1752
[cn2xc 21:40:57] elapsed  42049s  shards done    151601  nodes 1.725e+12 (5.76e+07/s)  candidates 1.310e+12  hits 5  root 24/1752
[cn2xc 21:41:57] elapsed  42110s  shards done    151921  nodes 1.727e+12 (4.86e+07/s)  candidates 1.312e+12  hits 5  root 24/1752
[cn2xc 21:42:58] elapsed  42171s  shards done    153164  nodes 1.730e+12 (3.64e+07/s)  candidates 1.313e+12  hits 5  root 25/1752
[cn2xc 21:43:59] elapsed  42232s  shards done    153215  nodes 1.732e+12 (3.40e+07/s)  candidates 1.315e+12  hits 5  root 25/1752
[cn2xc 21:45:00] elapsed  42292s  shards done    153355  nodes 1.735e+12 (5.06e+07/s)  candidates 1.317e+12  hits 5  root 25/1752
[cn2xc 21:46:01] elapsed  42353s  shards done    153623  nodes 1.738e+12 (4.99e+07/s)  candidates 1.319e+12  hits 5  root 25/1752
[cn2xc 21:47:02] elapsed  42414s  shards done    154792  nodes 1.740e+12 (3.95e+07/s)  candidates 1.320e+12  hits 5  root 26/1752
[cn2xc 21:48:02] elapsed  42475s  shards done    154952  nodes 1.743e+12 (4.14e+07/s)  candidates 1.322e+12  hits 5  root 26/1752
[cn2xc 21:49:03] elapsed  42536s  shards done    156146  nodes 1.746e+12 (5.45e+07/s)  candidates 1.324e+12  hits 5  root 26/1752
[cn2xc 21:50:04] elapsed  42597s  shards done    156514  nodes 1.747e+12 (2.03e+07/s)  candidates 1.325e+12  hits 5  root 27/1752
[cn2xc 21:51:05] elapsed  42657s  shards done    156597  nodes 1.750e+12 (4.87e+07/s)  candidates 1.327e+12  hits 5  root 27/1752
[cn2xc 21:52:06] elapsed  42718s  shards done    156716  nodes 1.753e+12 (4.94e+07/s)  candidates 1.329e+12  hits 5  root 27/1752
[cn2xc 21:53:07] elapsed  42779s  shards done    157014  nodes 1.757e+12 (5.45e+07/s)  candidates 1.331e+12  hits 5  root 27/1752
[cn2xc 21:54:07] elapsed  42840s  shards done    158106  nodes 1.759e+12 (4.09e+07/s)  candidates 1.332e+12  hits 5  root 28/1752
[cn2xc 21:55:08] elapsed  42901s  shards done    158165  nodes 1.761e+12 (2.64e+07/s)  candidates 1.334e+12  hits 5  root 28/1752
[cn2xc 21:56:09] elapsed  42961s  shards done    158279  nodes 1.764e+12 (5.24e+07/s)  candidates 1.336e+12  hits 5  root 28/1752
[cn2xc 21:57:10] elapsed  43022s  shards done    158562  nodes 1.767e+12 (5.63e+07/s)  candidates 1.338e+12  hits 5  root 28/1752
[cn2xc 21:58:11] elapsed  43083s  shards done    159521  nodes 1.770e+12 (3.78e+07/s)  candidates 1.339e+12  hits 5  root 29/1752
[cn2xc 21:59:11] elapsed  43144s  shards done    159629  nodes 1.772e+12 (4.29e+07/s)  candidates 1.341e+12  hits 5  root 29/1752
[cn2xc 22:00:12] elapsed  43205s  shards done    159805  nodes 1.775e+12 (4.91e+07/s)  candidates 1.343e+12  hits 5  root 29/1752
[cn2xc 22:01:13] elapsed  43265s  shards done    160687  nodes 1.778e+12 (4.74e+07/s)  candidates 1.345e+12  hits 5  root 30/1752
[cn2xc 22:02:14] elapsed  43326s  shards done    160785  nodes 1.780e+12 (3.44e+07/s)  candidates 1.346e+12  hits 5  root 30/1752
[cn2xc 22:03:15] elapsed  43387s  shards done    160929  nodes 1.783e+12 (4.60e+07/s)  candidates 1.348e+12  hits 5  root 30/1752
[cn2xc 22:04:16] elapsed  43448s  shards done    161455  nodes 1.786e+12 (5.33e+07/s)  candidates 1.350e+12  hits 5  root 30/1752
[cn2xc 22:05:16] elapsed  43509s  shards done    162089  nodes 1.788e+12 (3.09e+07/s)  candidates 1.351e+12  hits 5  root 31/1752
[cn2xc 22:06:17] elapsed  43570s  shards done    162527  nodes 1.791e+12 (5.45e+07/s)  candidates 1.353e+12  hits 5  root 31/1752
[cn2xc 22:07:18] elapsed  43630s  shards done    163245  nodes 1.794e+12 (3.58e+07/s)  candidates 1.355e+12  hits 5  root 32/1752
[cn2xc 22:08:19] elapsed  43691s  shards done    163474  nodes 1.797e+12 (5.24e+07/s)  candidates 1.357e+12  hits 5  root 32/1752
[cn2xc 22:09:20] elapsed  43752s  shards done    164362  nodes 1.799e+12 (4.13e+07/s)  candidates 1.359e+12  hits 5  root 33/1752
[cn2xc 22:10:20] elapsed  43813s  shards done    164714  nodes 1.802e+12 (3.98e+07/s)  candidates 1.360e+12  hits 5  root 33/1752
[cn2xc 22:11:21] elapsed  43874s  shards done    165576  nodes 1.804e+12 (4.24e+07/s)  candidates 1.362e+12  hits 5  root 34/1752
[cn2xc 22:12:22] elapsed  43934s  shards done    165935  nodes 1.808e+12 (5.48e+07/s)  candidates 1.364e+12  hits 5  root 34/1752
[cn2xc 22:13:23] elapsed  43995s  shards done    166749  nodes 1.810e+12 (3.80e+07/s)  candidates 1.365e+12  hits 5  root 35/1752
[cn2xc 22:14:24] elapsed  44056s  shards done    167801  nodes 1.813e+12 (4.55e+07/s)  candidates 1.367e+12  hits 5  root 36/1752
[cn2xc 22:15:25] elapsed  44117s  shards done    168815  nodes 1.815e+12 (4.26e+07/s)  candidates 1.369e+12  hits 5  root 37/1752
[cn2xc 22:16:25] elapsed  44178s  shards done    169894  nodes 1.818e+12 (4.38e+07/s)  candidates 1.370e+12  hits 5  root 38/1752
[cn2xc 22:17:26] elapsed  44239s  shards done    170961  nodes 1.821e+12 (4.59e+07/s)  candidates 1.372e+12  hits 5  root 39/1752
[cn2xc 22:18:27] elapsed  44299s  shards done    171297  nodes 1.823e+12 (3.62e+07/s)  candidates 1.374e+12  hits 5  root 40/1752
[cn2xc 22:19:28] elapsed  44360s  shards done    171789  nodes 1.826e+12 (5.51e+07/s)  candidates 1.375e+12  hits 5  root 40/1752
[cn2xc 22:20:29] elapsed  44421s  shards done    172175  nodes 1.828e+12 (3.40e+07/s)  candidates 1.377e+12  hits 5  root 41/1752
[cn2xc 22:21:30] elapsed  44482s  shards done    172887  nodes 1.831e+12 (4.17e+07/s)  candidates 1.378e+12  hits 5  root 42/1752
[cn2xc 22:22:30] elapsed  44543s  shards done    173714  nodes 1.833e+12 (3.67e+07/s)  candidates 1.380e+12  hits 5  root 43/1752
[cn2xc 22:23:31] elapsed  44604s  shards done    174360  nodes 1.837e+12 (6.11e+07/s)  candidates 1.382e+12  hits 5  root 44/1752
[cn2xc 22:24:32] elapsed  44664s  shards done    174668  nodes 1.839e+12 (3.54e+07/s)  candidates 1.384e+12  hits 5  root 44/1752
[cn2xc 22:25:32] elapsed  44725s  shards done    175244  nodes 1.842e+12 (4.56e+07/s)  candidates 1.385e+12  hits 5  root 45/1752
[cn2xc 22:26:33] elapsed  44785s  shards done    175886  nodes 1.844e+12 (3.17e+07/s)  candidates 1.387e+12  hits 5  root 46/1752
[cn2xc 22:27:34] elapsed  44846s  shards done    176574  nodes 1.847e+12 (5.05e+07/s)  candidates 1.388e+12  hits 5  root 48/1752
[cn2xc 22:28:34] elapsed  44906s  shards done    177197  nodes 1.849e+12 (4.45e+07/s)  candidates 1.390e+12  hits 5  root 49/1752
[cn2xc 22:29:34] elapsed  44967s  shards done    177452  nodes 1.851e+12 (2.69e+07/s)  candidates 1.391e+12  hits 5  root 50/1752
[cn2xc 22:30:34] elapsed  45027s  shards done    177833  nodes 1.853e+12 (3.99e+07/s)  candidates 1.392e+12  hits 5  root 51/1752
[cn2xc 22:31:35] elapsed  45087s  shards done    178298  nodes 1.855e+12 (2.86e+07/s)  candidates 1.394e+12  hits 5  root 52/1752
[cn2xc 22:32:35] elapsed  45148s  shards done    178753  nodes 1.857e+12 (3.34e+07/s)  candidates 1.395e+12  hits 5  root 54/1752
[cn2xc 22:33:35] elapsed  45208s  shards done    179199  nodes 1.859e+12 (3.79e+07/s)  candidates 1.396e+12  hits 5  root 56/1752
[cn2xc 22:34:36] elapsed  45268s  shards done    179617  nodes 1.862e+12 (4.74e+07/s)  candidates 1.398e+12  hits 5  root 58/1752
[cn2xc 22:35:36] elapsed  45329s  shards done    180045  nodes 1.865e+12 (3.75e+07/s)  candidates 1.399e+12  hits 5  root 61/1752
[cn2xc 22:36:37] elapsed  45390s  shards done    180158  nodes 1.867e+12 (4.03e+07/s)  candidates 1.401e+12  hits 5  root 63/1752
[cn2xc 22:37:38] elapsed  45450s  shards done    180232  nodes 1.869e+12 (3.76e+07/s)  candidates 1.402e+12  hits 5  root 66/1752
[cn2xc 22:38:38] elapsed  45511s  shards done    180298  nodes 1.872e+12 (4.25e+07/s)  candidates 1.404e+12  hits 5  root 69/1752
[cn2xc 22:39:39] elapsed  45571s  shards done    180380  nodes 1.875e+12 (5.22e+07/s)  candidates 1.406e+12  hits 5  root 73/1752
[cn2xc 22:40:40] elapsed  45632s  shards done    180472  nodes 1.878e+12 (4.66e+07/s)  candidates 1.407e+12  hits 5  root 77/1752
[cn2xc 22:41:40] elapsed  45693s  shards done    180559  nodes 1.881e+12 (4.34e+07/s)  candidates 1.409e+12  hits 5  root 81/1752
[cn2xc 22:42:41] elapsed  45753s  shards done    180647  nodes 1.883e+12 (4.41e+07/s)  candidates 1.410e+12  hits 5  root 85/1752
[cn2xc 22:43:41] elapsed  45814s  shards done    180760  nodes 1.886e+12 (5.15e+07/s)  candidates 1.412e+12  hits 5  root 90/1752
[cn2xc 22:44:42] elapsed  45874s  shards done    180894  nodes 1.889e+12 (4.77e+07/s)  candidates 1.413e+12  hits 5  root 96/1752
[cn2xc 22:45:42] elapsed  45935s  shards done    181080  nodes 1.892e+12 (4.93e+07/s)  candidates 1.415e+12  hits 5  root 104/1752
[cn2xc 22:46:43] elapsed  45996s  shards done    181264  nodes 1.895e+12 (4.17e+07/s)  candidates 1.416e+12  hits 5  root 113/1752
[cn2xc 22:47:44] elapsed  46056s  shards done    181503  nodes 1.898e+12 (4.88e+07/s)  candidates 1.417e+12  hits 5  root 124/1752
[cn2xc 22:48:45] elapsed  46117s  shards done    181775  nodes 1.900e+12 (4.55e+07/s)  candidates 1.418e+12  hits 5  root 136/1752
[cn2xc 22:49:46] elapsed  46178s  shards done    182148  nodes 1.903e+12 (4.66e+07/s)  candidates 1.420e+12  hits 5  root 153/1752
[cn2xc 22:50:46] elapsed  46239s  shards done    182566  nodes 1.906e+12 (4.54e+07/s)  candidates 1.421e+12  hits 5  root 172/1752
[cn2xc 22:51:47] elapsed  46300s  shards done    183227  nodes 1.909e+12 (4.59e+07/s)  candidates 1.422e+12  hits 5  root 202/1752
[cn2xc 22:52:48] elapsed  46360s  shards done    184174  nodes 1.911e+12 (4.20e+07/s)  candidates 1.424e+12  hits 5  root 245/1752
[cn2xc 22:53:48] elapsed  46421s  shards done    186063  nodes 1.913e+12 (3.48e+07/s)  candidates 1.426e+12  hits 5  root 331/1752
2026-10-06 22:54 capped session end: complete=True drained=False stopped=False search 12.91 h
all requested phases complete -- run `verify`
